// Jest Snapshot v1, https://goo.gl/fbAQLP

exports[`ExpirationItem renders ExpirationItem 1`] = `
<View>
  <Text
    accessible={true}
    allowFontScaling={true}
    ellipsizeMode="tail"
    style={
      Object {
        "color": "rgba(74,74,74,1)",
        "fontFamily": undefined,
        "fontSize": 12,
        "lineHeight": 16,
      }
    }
  >
    Exp: No Expiration
  </Text>
</View>
`;
