// Jest Snapshot v1, https://goo.gl/fbAQLP

exports[`rendering empty 1`] = `
<RCTScrollView
  data={Array []}
  disableVirtualization={false}
  getItem={[Function]}
  getItemCount={[Function]}
  horizontal={false}
  initialNumToRender={10}
  invertStickyHeaders={undefined}
  keyExtractor={[Function]}
  maxToRenderPerBatch={10}
  numColumns={1}
  onContentSizeChange={[Function]}
  onEndReachedThreshold={2}
  onLayout={[Function]}
  onMomentumScrollEnd={[Function]}
  onScroll={[Function]}
  onScrollBeginDrag={[Function]}
  onScrollEndDrag={[Function]}
  renderItem={[Function]}
  scrollEventThrottle={50}
  stickyHeaderIndices={Array []}
  updateCellsBatchingPeriod={50}
  viewabilityConfigCallbackPairs={Array []}
  windowSize={21}
>
  <View />
</RCTScrollView>
`;

exports[`rendering with data 1`] = `
<RCTScrollView
  data={
    Array [
      Object {
        "claim": Object {
          "employer": "Consensys AG",
        },
        "exp": 1482354617248,
        "iat": 1482268217248,
        "iss": "0x88647b5a94cd8347c8f76c7b79c85bbfbf0e13a9",
        "issuer": Object {
          "name": "testName",
        },
        "sub": "0x88647b5a94cd8347c8f76c7b79c85bbfbf0e13a9",
        "token": "tokenstring",
      },
      Object {
        "claim": Object {
          "employer": "Consensys AG",
        },
        "exp": null,
        "iat": 1482268217249,
        "iss": "0x88647b5a94cd8347c8f76c7b79c85bbfbf0e13a9",
        "issuer": Object {
          "name": "testName",
        },
        "sub": "0x88647b5a94cd8347c8f76c7b79c85bbfbf0e13a9",
        "token": "tokenstring",
      },
    ]
  }
  disableVirtualization={false}
  getItem={[Function]}
  getItemCount={[Function]}
  horizontal={false}
  initialNumToRender={10}
  invertStickyHeaders={undefined}
  keyExtractor={[Function]}
  maxToRenderPerBatch={10}
  numColumns={1}
  onContentSizeChange={[Function]}
  onEndReachedThreshold={2}
  onLayout={[Function]}
  onMomentumScrollEnd={[Function]}
  onScroll={[Function]}
  onScrollBeginDrag={[Function]}
  onScrollEndDrag={[Function]}
  renderItem={[Function]}
  scrollEventThrottle={50}
  stickyHeaderIndices={Array []}
  updateCellsBatchingPeriod={50}
  viewabilityConfigCallbackPairs={Array []}
  windowSize={21}
>
  <View>
    <View
      onLayout={[Function]}
      style={null}
    >
      <View
        accessibilityComponentType={undefined}
        accessibilityLabel={undefined}
        accessibilityTraits={undefined}
        accessible={true}
        hasTVPreferredFocus={undefined}
        hitSlop={undefined}
        isTVSelectable={true}
        nativeID={undefined}
        onLayout={undefined}
        onResponderGrant={[Function]}
        onResponderMove={[Function]}
        onResponderRelease={[Function]}
        onResponderTerminate={[Function]}
        onResponderTerminationRequest={[Function]}
        onStartShouldSetResponder={[Function]}
        style={
          Object {
            "backgroundColor": "#FFFFFF",
            "borderColor": "#808080",
            "borderRadius": 10,
            "borderWidth": 0.2,
            "elevation": 1,
            "marginTop": 10,
            "shadowColor": "black",
            "shadowOffset": Object {
              "height": 1,
              "width": 0,
            },
            "shadowOpacity": 0.1,
          }
        }
        testID={undefined}
        tvParallaxProperties={undefined}
      >
        <View
          style={null}
        >
          <View
            style={
              Array [
                Object {
                  "borderColor": "#FFFFFF",
                  "borderRadius": 4,
                  "flex": 1,
                  "flexDirection": "column",
                  "paddingBottom": 14,
                  "paddingLeft": 18,
                  "paddingRight": 18,
                  "paddingTop": 14,
                },
                Object {
                  "flex": 1,
                  "flexDirection": "row",
                },
              ]
            }
          >
            <View
              style={
                Object {
                  "alignItems": "flex-start",
                  "flex": 1,
                  "flexDirection": "column",
                }
              }
            >
              <Text
                accessible={true}
                allowFontScaling={true}
                ellipsizeMode="tail"
                style={
                  Array [
                    Object {
                      "color": "rgba(91,91,91,1)",
                      "fontFamily": undefined,
                      "fontSize": 16,
                      "lineHeight": 22,
                    },
                  ]
                }
              >
                testName
              </Text>
              <Text
                accessible={true}
                allowFontScaling={true}
                ellipsizeMode="tail"
                style={
                  Array [
                    Object {
                      "color": "rgba(155,155,155,1)",
                      "fontFamily": undefined,
                      "fontSize": 12,
                      "letterSpacing": 0.5,
                      "lineHeight": 16,
                      "marginTop": 5,
                    },
                  ]
                }
              >
                Employer
              </Text>
            </View>
            <ExpirationItem
              d={2016-12-21T21:10:17.248Z}
            />
          </View>
          <View
            style={
              Array [
                Object {
                  "borderColor": "#FFFFFF",
                  "borderRadius": 4,
                  "flex": 1,
                  "flexDirection": "column",
                  "paddingBottom": 14,
                  "paddingLeft": 18,
                  "paddingRight": 18,
                  "paddingTop": 14,
                },
                Object {
                  "alignItems": "center",
                  "borderTopColor": "#808080",
                  "borderTopWidth": 0.5,
                  "flex": 1,
                  "flexDirection": "row",
                },
              ]
            }
          >
            <Text
              accessible={true}
              allowFontScaling={true}
              ellipsizeMode="tail"
              style={
                Array [
                  Object {
                    "color": "rgba(10, 10, 10, 0.5)",
                    "fontFamily": undefined,
                    "fontSize": 10,
                    "letterSpacing": 0.5,
                  },
                ]
              }
            >
              Consensys AG
            </Text>
          </View>
        </View>
      </View>
    </View>
    <View
      onLayout={[Function]}
      style={null}
    >
      <View
        accessibilityComponentType={undefined}
        accessibilityLabel={undefined}
        accessibilityTraits={undefined}
        accessible={true}
        hasTVPreferredFocus={undefined}
        hitSlop={undefined}
        isTVSelectable={true}
        nativeID={undefined}
        onLayout={undefined}
        onResponderGrant={[Function]}
        onResponderMove={[Function]}
        onResponderRelease={[Function]}
        onResponderTerminate={[Function]}
        onResponderTerminationRequest={[Function]}
        onStartShouldSetResponder={[Function]}
        style={
          Object {
            "backgroundColor": "#FFFFFF",
            "borderColor": "#808080",
            "borderRadius": 10,
            "borderWidth": 0.2,
            "elevation": 1,
            "marginTop": 10,
            "shadowColor": "black",
            "shadowOffset": Object {
              "height": 1,
              "width": 0,
            },
            "shadowOpacity": 0.1,
          }
        }
        testID={undefined}
        tvParallaxProperties={undefined}
      >
        <View
          style={null}
        >
          <View
            style={
              Array [
                Object {
                  "borderColor": "#FFFFFF",
                  "borderRadius": 4,
                  "flex": 1,
                  "flexDirection": "column",
                  "paddingBottom": 14,
                  "paddingLeft": 18,
                  "paddingRight": 18,
                  "paddingTop": 14,
                },
                Object {
                  "flex": 1,
                  "flexDirection": "row",
                },
              ]
            }
          >
            <View
              style={
                Object {
                  "alignItems": "flex-start",
                  "flex": 1,
                  "flexDirection": "column",
                }
              }
            >
              <Text
                accessible={true}
                allowFontScaling={true}
                ellipsizeMode="tail"
                style={
                  Array [
                    Object {
                      "color": "rgba(91,91,91,1)",
                      "fontFamily": undefined,
                      "fontSize": 16,
                      "lineHeight": 22,
                    },
                  ]
                }
              >
                testName
              </Text>
              <Text
                accessible={true}
                allowFontScaling={true}
                ellipsizeMode="tail"
                style={
                  Array [
                    Object {
                      "color": "rgba(155,155,155,1)",
                      "fontFamily": undefined,
                      "fontSize": 12,
                      "letterSpacing": 0.5,
                      "lineHeight": 16,
                      "marginTop": 5,
                    },
                  ]
                }
              >
                Employer
              </Text>
            </View>
          </View>
          <View
            style={
              Array [
                Object {
                  "borderColor": "#FFFFFF",
                  "borderRadius": 4,
                  "flex": 1,
                  "flexDirection": "column",
                  "paddingBottom": 14,
                  "paddingLeft": 18,
                  "paddingRight": 18,
                  "paddingTop": 14,
                },
                Object {
                  "alignItems": "center",
                  "borderTopColor": "#808080",
                  "borderTopWidth": 0.5,
                  "flex": 1,
                  "flexDirection": "row",
                },
              ]
            }
          >
            <Text
              accessible={true}
              allowFontScaling={true}
              ellipsizeMode="tail"
              style={
                Array [
                  Object {
                    "color": "rgba(10, 10, 10, 0.5)",
                    "fontFamily": undefined,
                    "fontSize": 10,
                    "letterSpacing": 0.5,
                  },
                ]
              }
            >
              Consensys AG
            </Text>
          </View>
        </View>
      </View>
    </View>
  </View>
</RCTScrollView>
`;
