// Jest Snapshot v1, https://goo.gl/fbAQLP

exports[`OnboardingNotifications renders Onboarding Notifications screen 1`] = `
<View
  style={
    Object {
      "backgroundColor": "white",
      "flex": 1,
      "paddingTop": 10,
    }
  }
>
  <RCTScrollView
    contentContainerStyle={
      Object {
        "padding": 15,
      }
    }
    contentInset={
      Object {
        "bottom": 0,
      }
    }
    getTextInputRefs={[Function]}
    onContentSizeChange={[Function]}
    onLayout={[Function]}
    onScroll={[Function]}
    overScrollMode="always"
    scrollEventThrottle={200}
    scrollToBottomOnKBShow={false}
    scrollToInputAdditionalOffset={75}
    startScrolledToBottom={false}
    style={
      Object {
        "backgroundColor": "white",
        "flex": 1,
        "paddingTop": 10,
      }
    }
  >
    <View>
      <Text
        accessible={true}
        allowFontScaling={true}
        ellipsizeMode="tail"
        style={
          Array [
            Object {
              "color": "#3c3a49",
            },
            undefined,
            Object {
              "color": "#3c3a49",
              "fontFamily": undefined,
              "fontSize": 24,
              "lineHeight": 30,
              "marginBottom": 40,
              "marginTop": 25,
              "textAlign": "center",
            },
            undefined,
            undefined,
            undefined,
            undefined,
            undefined,
            undefined,
            undefined,
            undefined,
            undefined,
            undefined,
            undefined,
            undefined,
            undefined,
            undefined,
            undefined,
            undefined,
            undefined,
          ]
        }
      >
        Enable Notifications
      </Text>
      <Text
        accessible={true}
        allowFontScaling={true}
        ellipsizeMode="tail"
        style={
          Array [
            Object {
              "color": "#3c3a49",
            },
            undefined,
            undefined,
            undefined,
            Object {
              "color": "#3c3a49",
              "fontFamily": undefined,
              "fontSize": 16,
              "lineHeight": 27,
              "marginBottom": 15,
              "textAlign": "center",
            },
            undefined,
            undefined,
            undefined,
            undefined,
            undefined,
            undefined,
            undefined,
            undefined,
            undefined,
            undefined,
            undefined,
            undefined,
            undefined,
            undefined,
            undefined,
          ]
        }
      >
        App notifications are the main way to interact with others and stay notified of activity regarding your identity
      </Text>
      <View
        style={
          Object {
            "alignItems": "stretch",
            "flex": 0,
            "justifyContent": "flex-start",
          }
        }
      >
        <View
          style={
            Object {
              "alignItems": "center",
              "alignSelf": "stretch",
              "flexDirection": "row",
              "justifyContent": "flex-start",
              "margin": 16,
            }
          }
        >
          <Icon
            color="rgba(92,80,202,1)"
            name="ios-checkmark-circle-outline"
            size={32}
          />
          <Text
            accessible={true}
            allowFontScaling={true}
            ellipsizeMode="tail"
            style={
              Array [
                Object {
                  "color": "#3c3a49",
                },
                undefined,
                undefined,
                undefined,
                undefined,
                undefined,
                undefined,
                undefined,
                undefined,
                undefined,
                undefined,
                undefined,
                undefined,
                undefined,
                undefined,
                undefined,
                undefined,
                undefined,
                undefined,
                Object {
                  "color": "rgba(74,74,74,1)",
                  "fontFamily": undefined,
                  "fontSize": 16,
                  "lineHeight": 22,
                  "marginLeft": 16,
                  "textAlign": "left",
                },
              ]
            }
          >
            Login requests
          </Text>
        </View>
        <View
          style={
            Object {
              "alignItems": "center",
              "alignSelf": "stretch",
              "flexDirection": "row",
              "justifyContent": "flex-start",
              "margin": 16,
            }
          }
        >
          <Icon
            color="rgba(92,80,202,1)"
            name="ios-checkmark-circle-outline"
            size={32}
          />
          <Text
            accessible={true}
            allowFontScaling={true}
            ellipsizeMode="tail"
            style={
              Array [
                Object {
                  "color": "#3c3a49",
                },
                undefined,
                undefined,
                undefined,
                undefined,
                undefined,
                undefined,
                undefined,
                undefined,
                undefined,
                undefined,
                undefined,
                undefined,
                undefined,
                undefined,
                undefined,
                undefined,
                undefined,
                undefined,
                Object {
                  "color": "rgba(74,74,74,1)",
                  "fontFamily": undefined,
                  "fontSize": 16,
                  "lineHeight": 22,
                  "marginLeft": 16,
                  "textAlign": "left",
                },
              ]
            }
          >
            Pending transactions
          </Text>
        </View>
        <View
          style={
            Object {
              "alignItems": "center",
              "alignSelf": "stretch",
              "flexDirection": "row",
              "justifyContent": "flex-start",
              "margin": 16,
            }
          }
        >
          <Icon
            color="rgba(92,80,202,1)"
            name="ios-checkmark-circle-outline"
            size={32}
          />
          <Text
            accessible={true}
            allowFontScaling={true}
            ellipsizeMode="tail"
            style={
              Array [
                Object {
                  "color": "#3c3a49",
                },
                undefined,
                undefined,
                undefined,
                undefined,
                undefined,
                undefined,
                undefined,
                undefined,
                undefined,
                undefined,
                undefined,
                undefined,
                undefined,
                undefined,
                undefined,
                undefined,
                undefined,
                undefined,
                Object {
                  "color": "rgba(74,74,74,1)",
                  "fontFamily": undefined,
                  "fontSize": 16,
                  "lineHeight": 22,
                  "marginLeft": 16,
                  "textAlign": "left",
                },
              ]
            }
          >
            Signature requests
          </Text>
        </View>
        <View
          style={
            Object {
              "alignItems": "center",
              "alignSelf": "stretch",
              "flexDirection": "row",
              "justifyContent": "flex-start",
              "margin": 16,
            }
          }
        >
          <Icon
            color="rgba(92,80,202,1)"
            name="ios-checkmark-circle-outline"
            size={32}
          />
          <Text
            accessible={true}
            allowFontScaling={true}
            ellipsizeMode="tail"
            style={
              Array [
                Object {
                  "color": "#3c3a49",
                },
                undefined,
                undefined,
                undefined,
                undefined,
                undefined,
                undefined,
                undefined,
                undefined,
                undefined,
                undefined,
                undefined,
                undefined,
                undefined,
                undefined,
                undefined,
                undefined,
                undefined,
                undefined,
                Object {
                  "color": "rgba(74,74,74,1)",
                  "fontFamily": undefined,
                  "fontSize": 16,
                  "lineHeight": 22,
                  "marginLeft": 16,
                  "textAlign": "left",
                },
              ]
            }
          >
            New verifications
          </Text>
        </View>
      </View>
    </View>
  </RCTScrollView>
  <View
    enabled={true}
    keyboardVerticalOffset={0}
    onLayout={[Function]}
    style={undefined}
  >
    <View
      style={
        Array [
          undefined,
          Object {
            "bottom": 0,
          },
        ]
      }
    >
      <View
        style={
          Object {
            "alignItems": "stretch",
            "backgroundColor": "white",
          }
        }
      >
        <View
          style={
            Object {
              "alignSelf": "stretch",
              "flex": 0,
              "flexDirection": "row",
              "justifyContent": "center",
            }
          }
        >
          <View
            accessibilityComponentType={undefined}
            accessibilityLabel={undefined}
            accessibilityTraits={undefined}
            accessible={true}
            hasTVPreferredFocus={undefined}
            hitSlop={undefined}
            isTVSelectable={true}
            nativeID={undefined}
            onLayout={undefined}
            onResponderGrant={[Function]}
            onResponderMove={[Function]}
            onResponderRelease={[Function]}
            onResponderTerminate={[Function]}
            onResponderTerminationRequest={[Function]}
            onStartShouldSetResponder={[Function]}
            style={
              Array [
                Object {
                  "borderRadius": 8,
                  "flex": 1,
                  "flexDirection": "row",
                  "justifyContent": "center",
                  "margin": 15,
                  "padding": 10,
                },
                Array [
                  Object {
                    "borderColor": "rgba(54,184,123,1)",
                    "borderWidth": 1,
                    "marginLeft": 15,
                    "marginRight": 15,
                  },
                  Object {
                    "borderColor": "rgba(92,80,202,1)",
                  },
                ],
              ]
            }
            testID={undefined}
            tvParallaxProperties={undefined}
          >
            <Text
              accessible={true}
              allowFontScaling={true}
              ellipsizeMode="tail"
              style={
                Array [
                  Object {
                    "fontFamily": "Montserrat",
                    "fontSize": 18,
                    "textAlign": "center",
                  },
                  Array [
                    Object {
                      "color": "rgba(54,184,123,1)",
                      "fontFamily": undefined,
                      "fontSize": 18,
                      "lineHeight": 25,
                      "padding": 3,
                    },
                    Object {
                      "color": "rgba(92,80,202,1)",
                    },
                  ],
                  Object {},
                ]
              }
            >
              Turn on notifications
            </Text>
          </View>
        </View>
        <View
          style={
            Object {
              "alignSelf": "stretch",
              "flex": 0,
              "flexDirection": "row",
              "justifyContent": "center",
            }
          }
        >
          <View
            accessibilityComponentType={undefined}
            accessibilityLabel={undefined}
            accessibilityTraits={undefined}
            accessible={true}
            hasTVPreferredFocus={undefined}
            hitSlop={undefined}
            isTVSelectable={true}
            nativeID={undefined}
            onLayout={undefined}
            onResponderGrant={[Function]}
            onResponderMove={[Function]}
            onResponderRelease={[Function]}
            onResponderTerminate={[Function]}
            onResponderTerminationRequest={[Function]}
            onStartShouldSetResponder={[Function]}
            style={
              Array [
                Object {
                  "borderRadius": 8,
                  "flex": 1,
                  "flexDirection": "row",
                  "justifyContent": "center",
                  "margin": 15,
                  "padding": 10,
                },
                Object {
                  "borderWidth": 0,
                  "marginTop": 0,
                },
              ]
            }
            testID={undefined}
            tvParallaxProperties={undefined}
          >
            <Text
              accessible={true}
              allowFontScaling={true}
              ellipsizeMode="tail"
              style={
                Array [
                  Object {
                    "fontFamily": "Montserrat",
                    "fontSize": 18,
                    "textAlign": "center",
                  },
                  Object {
                    "color": "rgba(92,80,202,1)",
                    "fontFamily": undefined,
                    "fontSize": 18,
                    "lineHeight": 25,
                  },
                  Object {},
                ]
              }
            >
              Skip
            </Text>
          </View>
        </View>
      </View>
    </View>
  </View>
</View>
`;

exports[`OnboardingNotifications renders a connected component as expected 1`] = `
ShallowWrapper {
  "length": 1,
  Symbol(enzyme.__root__): [Circular],
  Symbol(enzyme.__unrendered__): <ConectedComponent
    navigator={FakeNavigator {}}
    registerDeviceForNotifications={[Function]}
    userData={Object {}}
  />,
  Symbol(enzyme.__renderer__): Object {
    "batchedUpdates": [Function],
    "getNode": [Function],
    "render": [Function],
    "simulateEvent": [Function],
    "unmount": [Function],
  },
  Symbol(enzyme.__node__): Object {
    "instance": null,
    "key": undefined,
    "nodeType": "class",
    "props": Object {
      "children": <OnboardingNotifications
        navigator={FakeNavigator {}}
        registerDeviceForNotifications={[Function]}
        userData={Object {}}
      />,
    },
    "ref": null,
    "rendered": Object {
      "instance": null,
      "key": undefined,
      "nodeType": "function",
      "props": Object {
        "navigator": FakeNavigator {},
        "registerDeviceForNotifications": [Function],
        "userData": Object {},
      },
      "ref": null,
      "rendered": null,
      "type": [Function],
    },
    "type": [Function],
  },
  Symbol(enzyme.__nodes__): Array [
    Object {
      "instance": null,
      "key": undefined,
      "nodeType": "class",
      "props": Object {
        "children": <OnboardingNotifications
          navigator={FakeNavigator {}}
          registerDeviceForNotifications={[Function]}
          userData={Object {}}
        />,
      },
      "ref": null,
      "rendered": Object {
        "instance": null,
        "key": undefined,
        "nodeType": "function",
        "props": Object {
          "navigator": FakeNavigator {},
          "registerDeviceForNotifications": [Function],
          "userData": Object {},
        },
        "ref": null,
        "rendered": null,
        "type": [Function],
      },
      "type": [Function],
    },
  ],
  Symbol(enzyme.__options__): Object {
    "adapter": ReactSixteenAdapter {
      "options": Object {
        "enableComponentDidUpdateOnSetState": true,
      },
    },
    "context": Object {
      "store": Object {
        "clearActions": [Function],
        "dispatch": [Function],
        "getActions": [Function],
        "getState": [Function],
        "replaceReducer": [Function],
        "subscribe": [Function],
      },
    },
  },
}
`;
