// Jest Snapshot v1, https://goo.gl/fbAQLP

exports[`OnboardingInfo renders Onboarding Info screen 1`] = `
<View>
  <RCTScrollView
    bounces={false}
    horizontal={true}
    onScroll={[Function]}
    pagingEnabled={true}
    scrollEventThrottle={8}
    showsHorizontalScrollIndicator={false}
    style={
      Object {
        "backgroundColor": "rgba(0,0,0,0)",
        "height": 960.0000000000001,
        "width": 750,
      }
    }
  >
    <View>
      <View
        style={
          Object {
            "alignItems": "center",
            "justifyContent": "flex-end",
            "width": 750,
          }
        }
      >
        <View
          style={
            Object {
              "alignItems": "center",
              "marginBottom": 47.99999999999999,
            }
          }
        >
          <Image
            source={
              Object {
                "testUri": "../../../assets/images/Logo.png",
              }
            }
            style={
              Object {
                "marginBottom": 56,
              }
            }
          />
          <View
            style={
              Array [
                Object {
                  "backgroundColor": "rgba(255, 255, 255, 0.0)",
                },
              ]
            }
          >
            <Text
              accessible={true}
              allowFontScaling={true}
              ellipsizeMode="tail"
              style={
                Array [
                  undefined,
                  Object {
                    "color": "white",
                    "fontSize": 16,
                    "letterSpacing": 0,
                    "lineHeight": 22,
                    "textAlign": "center",
                  },
                ]
              }
            >
              Own your identity for the first
            </Text>
            <Text
              accessible={true}
              allowFontScaling={true}
              ellipsizeMode="tail"
              style={
                Array [
                  undefined,
                  Object {
                    "color": "white",
                    "fontSize": 16,
                    "letterSpacing": 0,
                    "lineHeight": 22,
                    "textAlign": "center",
                  },
                ]
              }
            >
              time in history, and control your
            </Text>
            <Text
              accessible={true}
              allowFontScaling={true}
              ellipsizeMode="tail"
              style={
                Array [
                  undefined,
                  Object {
                    "color": "white",
                    "fontSize": 16,
                    "letterSpacing": 0,
                    "lineHeight": 22,
                    "textAlign": "center",
                  },
                ]
              }
            >
              atomized claims.
            </Text>
          </View>
        </View>
      </View>
      <View
        style={
          Object {
            "alignItems": "center",
            "justifyContent": "flex-end",
            "width": 750,
          }
        }
      >
        <Image
          source={
            Object {
              "testUri": "../../../assets/images/2.png",
            }
          }
          style={
            Object {
              "marginBottom": 90.4,
            }
          }
        />
        <View
          style={
            Object {
              "backgroundColor": "rgba(255, 255, 255, 0.0)",
              "marginBottom": 70,
            }
          }
        >
          <Text
            accessible={true}
            allowFontScaling={true}
            ellipsizeMode="tail"
            style={
              Array [
                undefined,
                Object {
                  "color": "white",
                  "fontSize": 16,
                  "letterSpacing": 0,
                  "lineHeight": 22,
                  "textAlign": "center",
                },
              ]
            }
          >
            Universal
          </Text>
          <Text
            accessible={true}
            allowFontScaling={true}
            ellipsizeMode="tail"
            style={
              Array [
                undefined,
                Object {
                  "color": "white",
                  "fontSize": 16,
                  "letterSpacing": 0,
                  "lineHeight": 22,
                  "textAlign": "center",
                },
              ]
            }
          >
            Single Sign-on.
          </Text>
        </View>
      </View>
      <View
        style={
          Object {
            "alignItems": "center",
            "justifyContent": "flex-end",
            "width": 750,
          }
        }
      >
        <Image
          source={
            Object {
              "testUri": "../../../assets/images/3.png",
            }
          }
          style={
            Object {
              "marginBottom": 100,
            }
          }
        />
        <View
          style={
            Object {
              "backgroundColor": "rgba(255, 255, 255, 0.0)",
              "marginBottom": 70,
            }
          }
        >
          <Text
            accessible={true}
            allowFontScaling={true}
            ellipsizeMode="tail"
            style={
              Array [
                undefined,
                Object {
                  "color": "white",
                  "fontSize": 16,
                  "letterSpacing": 0,
                  "lineHeight": 22,
                  "textAlign": "center",
                },
              ]
            }
          >
            Public & Private Chain
          </Text>
          <Text
            accessible={true}
            allowFontScaling={true}
            ellipsizeMode="tail"
            style={
              Array [
                undefined,
                Object {
                  "color": "white",
                  "fontSize": 16,
                  "letterSpacing": 0,
                  "lineHeight": 22,
                  "textAlign": "center",
                },
              ]
            }
          >
            Interoperability.
          </Text>
        </View>
      </View>
      <View
        style={
          Object {
            "alignItems": "center",
            "justifyContent": "flex-end",
            "width": 750,
          }
        }
      >
        <Image
          source={
            Object {
              "testUri": "../../../assets/images/4.png",
            }
          }
          style={
            Object {
              "marginBottom": 100,
              "marginLeft": 40,
            }
          }
        />
        <View
          style={
            Object {
              "backgroundColor": "rgba(255, 255, 255, 0.0)",
              "marginBottom": 70,
            }
          }
        >
          <Text
            accessible={true}
            allowFontScaling={true}
            ellipsizeMode="tail"
            style={
              Array [
                undefined,
                Object {
                  "color": "white",
                  "fontSize": 16,
                  "letterSpacing": 0,
                  "lineHeight": 22,
                  "textAlign": "center",
                },
              ]
            }
          >
            Sign Transactions
          </Text>
          <Text
            accessible={true}
            allowFontScaling={true}
            ellipsizeMode="tail"
            style={
              Array [
                undefined,
                Object {
                  "color": "white",
                  "fontSize": 16,
                  "letterSpacing": 0,
                  "lineHeight": 22,
                  "textAlign": "center",
                },
              ]
            }
          >
            Quickly and Securely.
          </Text>
        </View>
      </View>
      <View
        style={
          Object {
            "alignItems": "center",
            "justifyContent": "flex-end",
            "width": 750,
          }
        }
      >
        <Image
          source={
            Object {
              "testUri": "../../../assets/images/5.png",
            }
          }
          style={
            Object {
              "marginBottom": 100,
            }
          }
        />
        <View
          style={
            Object {
              "backgroundColor": "rgba(255, 255, 255, 0.0)",
              "marginBottom": 70,
            }
          }
        >
          <Text
            accessible={true}
            allowFontScaling={true}
            ellipsizeMode="tail"
            style={
              Array [
                undefined,
                Object {
                  "color": "white",
                  "fontSize": 16,
                  "letterSpacing": 0,
                  "lineHeight": 22,
                  "textAlign": "center",
                },
              ]
            }
          >
            Own and Manage
          </Text>
          <Text
            accessible={true}
            allowFontScaling={true}
            ellipsizeMode="tail"
            style={
              Array [
                undefined,
                Object {
                  "color": "white",
                  "fontSize": 16,
                  "letterSpacing": 0,
                  "lineHeight": 22,
                  "textAlign": "center",
                },
              ]
            }
          >
            Your Identity.
          </Text>
        </View>
      </View>
    </View>
  </RCTScrollView>
  <View
    style={
      Object {
        "alignItems": "center",
        "flexDirection": "row",
        "marginBottom": 58,
      }
    }
  >
    <View
      style={
        Array [
          Object {
            "borderRadius": 6,
            "height": 6,
            "width": 6,
          },
          Object {
            "backgroundColor": "white",
          },
        ]
      }
    />
    <View
      style={
        Array [
          Object {
            "borderRadius": 6,
            "height": 6,
            "width": 6,
          },
          Object {
            "backgroundColor": "rgba(255, 255, 255, 0.2)",
            "marginLeft": 14.000000000000002,
          },
        ]
      }
    />
    <View
      style={
        Array [
          Object {
            "borderRadius": 6,
            "height": 6,
            "width": 6,
          },
          Object {
            "backgroundColor": "rgba(255, 255, 255, 0.2)",
            "marginLeft": 14.000000000000002,
          },
        ]
      }
    />
    <View
      style={
        Array [
          Object {
            "borderRadius": 6,
            "height": 6,
            "width": 6,
          },
          Object {
            "backgroundColor": "rgba(255, 255, 255, 0.2)",
            "marginLeft": 14.000000000000002,
          },
        ]
      }
    />
    <View
      style={
        Array [
          Object {
            "borderRadius": 6,
            "height": 6,
            "width": 6,
          },
          Object {
            "backgroundColor": "rgba(255, 255, 255, 0.2)",
            "marginLeft": 14.000000000000002,
          },
        ]
      }
    />
  </View>
  <View
    accessibilityComponentType={undefined}
    accessibilityLabel={undefined}
    accessibilityTraits={undefined}
    accessible={true}
    hasTVPreferredFocus={undefined}
    hitSlop={undefined}
    isTVSelectable={true}
    nativeID={undefined}
    onLayout={undefined}
    onResponderGrant={[Function]}
    onResponderMove={[Function]}
    onResponderRelease={[Function]}
    onResponderTerminate={[Function]}
    onResponderTerminationRequest={[Function]}
    onStartShouldSetResponder={[Function]}
    style={null}
    testID={undefined}
    tvParallaxProperties={undefined}
  >
    <View
      style={
        Array [
          Object {
            "alignItems": "center",
            "borderRadius": 8,
            "elevation": 5,
            "height": 88,
            "justifyContent": "center",
            "width": 630,
          },
          Object {
            "marginBottom": 20,
          },
        ]
      }
    >
      <Text
        accessible={true}
        allowFontScaling={true}
        ellipsizeMode="tail"
        style={
          Array [
            Object {
              "fontSize": 16,
              "letterSpacing": 0,
              "lineHeight": 18,
            },
          ]
        }
      >
        Continue
      </Text>
    </View>
  </View>
</View>
`;
