// Jest Snapshot v1, https://goo.gl/fbAQLP

exports[`hd wallet renders Advanced screen 1`] = `
<View
  style={
    Object {
      "backgroundColor": "rgba(246,247,248,1)",
      "flex": 1,
    }
  }
>
  <RCTScrollView
    contentContainerStyle={
      Array [
        Object {
          "backgroundColor": "rgba(246,247,248,1)",
          "flex": 0,
        },
        Object {},
      ]
    }
    refreshControl={undefined}
    style={
      Array [
        Object {
          "borderBottomColor": "rgba(216,216,216,1)",
          "borderBottomWidth": 0.5,
        },
        Object {
          "flex": 1,
        },
      ]
    }
  >
    <View>
      <View
        accessibilityComponentType={undefined}
        accessibilityLabel={undefined}
        accessibilityTraits={undefined}
        accessible={true}
        hasTVPreferredFocus={undefined}
        hitSlop={undefined}
        isTVSelectable={true}
        nativeID={undefined}
        onLayout={undefined}
        onResponderGrant={[Function]}
        onResponderMove={[Function]}
        onResponderRelease={[Function]}
        onResponderTerminate={[Function]}
        onResponderTerminationRequest={[Function]}
        onStartShouldSetResponder={[Function]}
        style={null}
        testID={undefined}
        tvParallaxProperties={undefined}
      >
        <View
          style={
            Array [
              Object {
                "alignItems": "center",
                "backgroundColor": "#FFFFFF",
                "borderBottomWidth": 0.5,
                "borderColor": "rgba(216,216,216,1)",
                "flexDirection": "row",
                "justifyContent": "space-between",
                "padding": 15,
              },
              undefined,
            ]
          }
        >
          <Text
            accessible={true}
            allowFontScaling={true}
            ellipsizeMode="tail"
            style={
              Object {
                "color": "rgba(74,74,74,1)",
                "fontSize": 14,
                "lineHeight": 22,
              }
            }
          >
            uPort ID
          </Text>
          <View
            style={
              Object {
                "flexDirection": "row",
              }
            }
          >
            <Text
              accessible={true}
              allowFontScaling={true}
              ellipsizeMode="tail"
              style={
                Array [
                  Object {
                    "color": "rgba(74,74,74,1)",
                    "fontSize": 14,
                    "lineHeight": 22,
                  },
                  Object {},
                ]
              }
            />
            <Icon
              color="rgba(216,216,216,1)"
              name="ios-arrow-forward-outline"
              size={20}
              style={
                Object {
                  "marginLeft": 16,
                }
              }
            />
          </View>
        </View>
      </View>
      <View
        accessibilityComponentType={undefined}
        accessibilityLabel={undefined}
        accessibilityTraits={undefined}
        accessible={true}
        hasTVPreferredFocus={undefined}
        hitSlop={undefined}
        isTVSelectable={true}
        nativeID={undefined}
        onLayout={undefined}
        onResponderGrant={[Function]}
        onResponderMove={[Function]}
        onResponderRelease={[Function]}
        onResponderTerminate={[Function]}
        onResponderTerminationRequest={[Function]}
        onStartShouldSetResponder={[Function]}
        style={null}
        testID={undefined}
        tvParallaxProperties={undefined}
      >
        <View
          style={
            Array [
              Object {
                "alignItems": "center",
                "backgroundColor": "#FFFFFF",
                "borderBottomWidth": 0.5,
                "borderColor": "rgba(216,216,216,1)",
                "flexDirection": "row",
                "justifyContent": "space-between",
                "padding": 15,
              },
              undefined,
            ]
          }
        >
          <Text
            accessible={true}
            allowFontScaling={true}
            ellipsizeMode="tail"
            style={
              Object {
                "color": "rgba(74,74,74,1)",
                "fontSize": 14,
                "lineHeight": 22,
              }
            }
          >
            Device
          </Text>
          <View
            style={
              Object {
                "flexDirection": "row",
              }
            }
          >
            <Text
              accessible={true}
              allowFontScaling={true}
              ellipsizeMode="tail"
              style={
                Array [
                  Object {
                    "color": "rgba(74,74,74,1)",
                    "fontSize": 14,
                    "lineHeight": 22,
                  },
                  Object {},
                ]
              }
            />
            <Icon
              color="rgba(216,216,216,1)"
              name="ios-arrow-forward-outline"
              size={20}
              style={
                Object {
                  "marginLeft": 16,
                }
              }
            />
          </View>
        </View>
      </View>
      <View
        accessibilityComponentType={undefined}
        accessibilityLabel={undefined}
        accessibilityTraits={undefined}
        accessible={true}
        hasTVPreferredFocus={undefined}
        hitSlop={undefined}
        isTVSelectable={true}
        nativeID={undefined}
        onLayout={undefined}
        onResponderGrant={[Function]}
        onResponderMove={[Function]}
        onResponderRelease={[Function]}
        onResponderTerminate={[Function]}
        onResponderTerminationRequest={[Function]}
        onStartShouldSetResponder={[Function]}
        style={null}
        testID={undefined}
        tvParallaxProperties={undefined}
      >
        <View
          style={
            Array [
              Object {
                "alignItems": "center",
                "backgroundColor": "#FFFFFF",
                "borderBottomWidth": 0.5,
                "borderColor": "rgba(216,216,216,1)",
                "flexDirection": "row",
                "justifyContent": "space-between",
                "padding": 15,
              },
              undefined,
            ]
          }
        >
          <Text
            accessible={true}
            allowFontScaling={true}
            ellipsizeMode="tail"
            style={
              Object {
                "color": "rgba(74,74,74,1)",
                "fontSize": 14,
                "lineHeight": 22,
              }
            }
          >
            System Messages
          </Text>
          <View
            style={
              Object {
                "flexDirection": "row",
              }
            }
          >
            <Text
              accessible={true}
              allowFontScaling={true}
              ellipsizeMode="tail"
              style={
                Array [
                  Object {
                    "color": "rgba(74,74,74,1)",
                    "fontSize": 14,
                    "lineHeight": 22,
                  },
                  Object {},
                ]
              }
            />
            <Icon
              color="rgba(216,216,216,1)"
              name="ios-arrow-forward-outline"
              size={20}
              style={
                Object {
                  "marginLeft": 16,
                }
              }
            />
          </View>
        </View>
      </View>
      <View
        accessibilityComponentType={undefined}
        accessibilityLabel={undefined}
        accessibilityTraits={undefined}
        accessible={true}
        hasTVPreferredFocus={undefined}
        hitSlop={undefined}
        isTVSelectable={true}
        nativeID={undefined}
        onLayout={undefined}
        onResponderGrant={[Function]}
        onResponderMove={[Function]}
        onResponderRelease={[Function]}
        onResponderTerminate={[Function]}
        onResponderTerminationRequest={[Function]}
        onStartShouldSetResponder={[Function]}
        style={null}
        testID={undefined}
        tvParallaxProperties={undefined}
      >
        <View
          style={
            Array [
              Object {
                "alignItems": "center",
                "backgroundColor": "#FFFFFF",
                "borderBottomWidth": 0.5,
                "borderColor": "rgba(216,216,216,1)",
                "flexDirection": "row",
                "justifyContent": "space-between",
                "padding": 15,
              },
              undefined,
            ]
          }
        >
          <Text
            accessible={true}
            allowFontScaling={true}
            ellipsizeMode="tail"
            style={
              Object {
                "color": "rgba(74,74,74,1)",
                "fontSize": 14,
                "lineHeight": 22,
              }
            }
          >
            Network
          </Text>
          <View
            style={
              Object {
                "flexDirection": "row",
              }
            }
          >
            <Text
              accessible={true}
              allowFontScaling={true}
              ellipsizeMode="tail"
              style={
                Array [
                  Object {
                    "color": "rgba(74,74,74,1)",
                    "fontSize": 14,
                    "lineHeight": 22,
                  },
                  Object {},
                ]
              }
            />
            <Icon
              color="rgba(216,216,216,1)"
              name="ios-arrow-forward-outline"
              size={20}
              style={
                Object {
                  "marginLeft": 16,
                }
              }
            />
          </View>
        </View>
      </View>
    </View>
  </RCTScrollView>
</View>
`;

exports[`legacy wallet renders Advanced screen without identity hub 1`] = `
<View
  style={
    Object {
      "backgroundColor": "rgba(246,247,248,1)",
      "flex": 1,
    }
  }
>
  <RCTScrollView
    contentContainerStyle={
      Array [
        Object {
          "backgroundColor": "rgba(246,247,248,1)",
          "flex": 0,
        },
        Object {},
      ]
    }
    refreshControl={undefined}
    style={
      Array [
        Object {
          "borderBottomColor": "rgba(216,216,216,1)",
          "borderBottomWidth": 0.5,
        },
        Object {
          "flex": 1,
        },
      ]
    }
  >
    <View>
      <View
        accessibilityComponentType={undefined}
        accessibilityLabel={undefined}
        accessibilityTraits={undefined}
        accessible={true}
        hasTVPreferredFocus={undefined}
        hitSlop={undefined}
        isTVSelectable={true}
        nativeID={undefined}
        onLayout={undefined}
        onResponderGrant={[Function]}
        onResponderMove={[Function]}
        onResponderRelease={[Function]}
        onResponderTerminate={[Function]}
        onResponderTerminationRequest={[Function]}
        onStartShouldSetResponder={[Function]}
        style={null}
        testID={undefined}
        tvParallaxProperties={undefined}
      >
        <View
          style={
            Array [
              Object {
                "alignItems": "center",
                "backgroundColor": "#FFFFFF",
                "borderBottomWidth": 0.5,
                "borderColor": "rgba(216,216,216,1)",
                "flexDirection": "row",
                "justifyContent": "space-between",
                "padding": 15,
              },
              undefined,
            ]
          }
        >
          <Text
            accessible={true}
            allowFontScaling={true}
            ellipsizeMode="tail"
            style={
              Object {
                "color": "rgba(74,74,74,1)",
                "fontSize": 14,
                "lineHeight": 22,
              }
            }
          >
            uPort ID
          </Text>
          <View
            style={
              Object {
                "flexDirection": "row",
              }
            }
          >
            <Text
              accessible={true}
              allowFontScaling={true}
              ellipsizeMode="tail"
              style={
                Array [
                  Object {
                    "color": "rgba(74,74,74,1)",
                    "fontSize": 14,
                    "lineHeight": 22,
                  },
                  Object {},
                ]
              }
            />
            <Icon
              color="rgba(216,216,216,1)"
              name="ios-arrow-forward-outline"
              size={20}
              style={
                Object {
                  "marginLeft": 16,
                }
              }
            />
          </View>
        </View>
      </View>
      <View
        accessibilityComponentType={undefined}
        accessibilityLabel={undefined}
        accessibilityTraits={undefined}
        accessible={true}
        hasTVPreferredFocus={undefined}
        hitSlop={undefined}
        isTVSelectable={true}
        nativeID={undefined}
        onLayout={undefined}
        onResponderGrant={[Function]}
        onResponderMove={[Function]}
        onResponderRelease={[Function]}
        onResponderTerminate={[Function]}
        onResponderTerminationRequest={[Function]}
        onStartShouldSetResponder={[Function]}
        style={null}
        testID={undefined}
        tvParallaxProperties={undefined}
      >
        <View
          style={
            Array [
              Object {
                "alignItems": "center",
                "backgroundColor": "#FFFFFF",
                "borderBottomWidth": 0.5,
                "borderColor": "rgba(216,216,216,1)",
                "flexDirection": "row",
                "justifyContent": "space-between",
                "padding": 15,
              },
              undefined,
            ]
          }
        >
          <Text
            accessible={true}
            allowFontScaling={true}
            ellipsizeMode="tail"
            style={
              Object {
                "color": "rgba(74,74,74,1)",
                "fontSize": 14,
                "lineHeight": 22,
              }
            }
          >
            Device
          </Text>
          <View
            style={
              Object {
                "flexDirection": "row",
              }
            }
          >
            <Text
              accessible={true}
              allowFontScaling={true}
              ellipsizeMode="tail"
              style={
                Array [
                  Object {
                    "color": "rgba(74,74,74,1)",
                    "fontSize": 14,
                    "lineHeight": 22,
                  },
                  Object {},
                ]
              }
            />
            <Icon
              color="rgba(216,216,216,1)"
              name="ios-arrow-forward-outline"
              size={20}
              style={
                Object {
                  "marginLeft": 16,
                }
              }
            />
          </View>
        </View>
      </View>
      <View
        accessibilityComponentType={undefined}
        accessibilityLabel={undefined}
        accessibilityTraits={undefined}
        accessible={true}
        hasTVPreferredFocus={undefined}
        hitSlop={undefined}
        isTVSelectable={true}
        nativeID={undefined}
        onLayout={undefined}
        onResponderGrant={[Function]}
        onResponderMove={[Function]}
        onResponderRelease={[Function]}
        onResponderTerminate={[Function]}
        onResponderTerminationRequest={[Function]}
        onStartShouldSetResponder={[Function]}
        style={null}
        testID={undefined}
        tvParallaxProperties={undefined}
      >
        <View
          style={
            Array [
              Object {
                "alignItems": "center",
                "backgroundColor": "#FFFFFF",
                "borderBottomWidth": 0.5,
                "borderColor": "rgba(216,216,216,1)",
                "flexDirection": "row",
                "justifyContent": "space-between",
                "padding": 15,
              },
              undefined,
            ]
          }
        >
          <Text
            accessible={true}
            allowFontScaling={true}
            ellipsizeMode="tail"
            style={
              Object {
                "color": "rgba(74,74,74,1)",
                "fontSize": 14,
                "lineHeight": 22,
              }
            }
          >
            System Messages
          </Text>
          <View
            style={
              Object {
                "flexDirection": "row",
              }
            }
          >
            <Text
              accessible={true}
              allowFontScaling={true}
              ellipsizeMode="tail"
              style={
                Array [
                  Object {
                    "color": "rgba(74,74,74,1)",
                    "fontSize": 14,
                    "lineHeight": 22,
                  },
                  Object {},
                ]
              }
            />
            <Icon
              color="rgba(216,216,216,1)"
              name="ios-arrow-forward-outline"
              size={20}
              style={
                Object {
                  "marginLeft": 16,
                }
              }
            />
          </View>
        </View>
      </View>
      <View
        accessibilityComponentType={undefined}
        accessibilityLabel={undefined}
        accessibilityTraits={undefined}
        accessible={true}
        hasTVPreferredFocus={undefined}
        hitSlop={undefined}
        isTVSelectable={true}
        nativeID={undefined}
        onLayout={undefined}
        onResponderGrant={[Function]}
        onResponderMove={[Function]}
        onResponderRelease={[Function]}
        onResponderTerminate={[Function]}
        onResponderTerminationRequest={[Function]}
        onStartShouldSetResponder={[Function]}
        style={null}
        testID={undefined}
        tvParallaxProperties={undefined}
      >
        <View
          style={
            Array [
              Object {
                "alignItems": "center",
                "backgroundColor": "#FFFFFF",
                "borderBottomWidth": 0.5,
                "borderColor": "rgba(216,216,216,1)",
                "flexDirection": "row",
                "justifyContent": "space-between",
                "padding": 15,
              },
              undefined,
            ]
          }
        >
          <Text
            accessible={true}
            allowFontScaling={true}
            ellipsizeMode="tail"
            style={
              Object {
                "color": "rgba(74,74,74,1)",
                "fontSize": 14,
                "lineHeight": 22,
              }
            }
          >
            Network
          </Text>
          <View
            style={
              Object {
                "flexDirection": "row",
              }
            }
          >
            <Text
              accessible={true}
              allowFontScaling={true}
              ellipsizeMode="tail"
              style={
                Array [
                  Object {
                    "color": "rgba(74,74,74,1)",
                    "fontSize": 14,
                    "lineHeight": 22,
                  },
                  Object {},
                ]
              }
            />
            <Icon
              color="rgba(216,216,216,1)"
              name="ios-arrow-forward-outline"
              size={20}
              style={
                Object {
                  "marginLeft": 16,
                }
              }
            />
          </View>
        </View>
      </View>
    </View>
  </RCTScrollView>
</View>
`;
