// Jest Snapshot v1, https://goo.gl/fbAQLP

exports[`Advanced - Device doesnt break when empty 1`] = `
<View
  style={
    Object {
      "backgroundColor": "rgba(246,247,248,1)",
      "flex": 1,
    }
  }
>
  <RCTScrollView
    contentContainerStyle={
      Array [
        Object {
          "backgroundColor": "rgba(246,247,248,1)",
          "flex": 0,
        },
        Object {},
      ]
    }
    refreshControl={undefined}
    style={
      Array [
        Object {
          "borderBottomColor": "rgba(216,216,216,1)",
          "borderBottomWidth": 1,
        },
        Object {
          "flex": 1,
        },
      ]
    }
  >
    <View>
      <View
        accessibilityComponentType={undefined}
        accessibilityLabel={undefined}
        accessibilityTraits={undefined}
        accessible={true}
        collapsable={undefined}
        hasTVPreferredFocus={undefined}
        hitSlop={undefined}
        isTVSelectable={true}
        nativeID={undefined}
        onLayout={undefined}
        onResponderGrant={[Function]}
        onResponderMove={[Function]}
        onResponderRelease={[Function]}
        onResponderTerminate={[Function]}
        onResponderTerminationRequest={[Function]}
        onStartShouldSetResponder={[Function]}
        style={
          Object {
            "opacity": 1,
          }
        }
        testID={undefined}
        tvParallaxProperties={undefined}
      >
        <View
          style={
            Array [
              Object {
                "alignItems": "center",
                "backgroundColor": "#FFFFFF",
                "borderColor": "rgba(216,216,216,1)",
                "borderTopWidth": 1,
                "flexDirection": "row",
                "justifyContent": "space-between",
                "padding": 19,
              },
              Object {},
            ]
          }
        >
          <Text
            accessible={true}
            allowFontScaling={true}
            ellipsizeMode="tail"
            style={
              Object {
                "color": "rgba(170,170,170,1)",
                "fontFamily": "NunitoSans-Regular",
                "fontSize": 16,
                "lineHeight": 22,
              }
            }
          >
            Device Address
          </Text>
          <View
            style={
              Object {
                "flexDirection": "row",
              }
            }
          >
            <Text
              accessible={true}
              allowFontScaling={true}
              ellipsizeMode="tail"
              style={
                Array [
                  Object {
                    "color": "rgba(74,74,74,1)",
                    "fontFamily": "NunitoSans-Light",
                    "fontSize": 14,
                    "lineHeight": 22,
                  },
                  Object {},
                ]
              }
            />
            <Icon
              color="rgba(216,216,216,1)"
              name="ios-link-outline"
              size={20}
              style={
                Object {
                  "marginLeft": 16,
                }
              }
            />
          </View>
        </View>
      </View>
      <View
        style={
          Array [
            Object {
              "alignItems": "center",
              "backgroundColor": "#FFFFFF",
              "borderColor": "rgba(216,216,216,1)",
              "borderTopWidth": 1,
              "flexDirection": "row",
              "justifyContent": "space-between",
              "padding": 19,
            },
            Object {},
          ]
        }
      >
        <Text
          accessible={true}
          allowFontScaling={true}
          ellipsizeMode="tail"
          style={
            Array [
              Object {
                "color": "rgba(170,170,170,1)",
                "fontFamily": "NunitoSans-Regular",
                "fontSize": 16,
                "lineHeight": 22,
              },
            ]
          }
        >
          Device Gas
        </Text>
        <Text
          accessible={true}
          allowFontScaling={true}
          ellipsizeMode="tail"
          style={
            Array [
              Object {
                "color": "rgba(74,74,74,1)",
                "fontFamily": "NunitoSans-Light",
                "fontSize": 14,
                "lineHeight": 22,
              },
              Object {},
            ]
          }
        >
          0 ETH
        </Text>
      </View>
      <View
        style={
          Array [
            Object {
              "alignItems": "center",
              "backgroundColor": "#FFFFFF",
              "borderColor": "rgba(216,216,216,1)",
              "borderTopWidth": 1,
              "flexDirection": "row",
              "justifyContent": "space-between",
              "padding": 19,
            },
            Object {
              "borderBottomColor": "rgba(216,216,216,1)",
              "borderBottomWidth": 1,
            },
          ]
        }
      >
        <Text
          accessible={true}
          allowFontScaling={true}
          ellipsizeMode="tail"
          style={
            Array [
              Object {
                "color": "rgba(170,170,170,1)",
                "fontFamily": "NunitoSans-Regular",
                "fontSize": 16,
                "lineHeight": 22,
              },
            ]
          }
        >
          Device Nonce
        </Text>
      </View>
    </View>
  </RCTScrollView>
</View>
`;

exports[`Advanced - Device renders a connected component as expected 1`] = `
ShallowWrapper {
  "length": 1,
  Symbol(enzyme.__root__): [Circular],
  Symbol(enzyme.__unrendered__): <Device
    deviceAddress="0x8dd7ef5c99be7a454b4a9869683a3a394fde9777"
    dispatch={[Function]}
    explorerUrl="https://rinkeby.etherscan.io"
    fuel={undefined}
    navigator={FakeNavigator {}}
    nonce={undefined}
    workingFuel={false}
    workingNonce={false}
  />,
  Symbol(enzyme.__renderer__): Object {
    "batchedUpdates": [Function],
    "getNode": [Function],
    "render": [Function],
    "simulateEvent": [Function],
    "unmount": [Function],
  },
  Symbol(enzyme.__node__): Object {
    "instance": null,
    "key": undefined,
    "nodeType": "function",
    "props": Object {
      "children": Array [
        <MenuItem
          href="https://rinkeby.etherscan.io/address/0x8dd7ef5c99be7a454b4a9869683a3a394fde9777"
          title="Device Address"
          value="0x8dd7ef5c99be7a454b4a9869683a..."
        />,
        <MenuItem
          title="Device Gas"
          value="0 ETH"
          working={false}
        />,
        <MenuItem
          last={true}
          title="Device Nonce"
          value={0}
          working={false}
        />,
      ],
    },
    "ref": null,
    "rendered": Array [
      Object {
        "instance": null,
        "key": undefined,
        "nodeType": "function",
        "props": Object {
          "href": "https://rinkeby.etherscan.io/address/0x8dd7ef5c99be7a454b4a9869683a3a394fde9777",
          "title": "Device Address",
          "value": "0x8dd7ef5c99be7a454b4a9869683a...",
        },
        "ref": null,
        "rendered": null,
        "type": [Function],
      },
      Object {
        "instance": null,
        "key": undefined,
        "nodeType": "function",
        "props": Object {
          "title": "Device Gas",
          "value": "0 ETH",
          "working": false,
        },
        "ref": null,
        "rendered": null,
        "type": [Function],
      },
      Object {
        "instance": null,
        "key": undefined,
        "nodeType": "function",
        "props": Object {
          "last": true,
          "title": "Device Nonce",
          "value": 0,
          "working": false,
        },
        "ref": null,
        "rendered": null,
        "type": [Function],
      },
    ],
    "type": [Function],
  },
  Symbol(enzyme.__nodes__): Array [
    Object {
      "instance": null,
      "key": undefined,
      "nodeType": "function",
      "props": Object {
        "children": Array [
          <MenuItem
            href="https://rinkeby.etherscan.io/address/0x8dd7ef5c99be7a454b4a9869683a3a394fde9777"
            title="Device Address"
            value="0x8dd7ef5c99be7a454b4a9869683a..."
          />,
          <MenuItem
            title="Device Gas"
            value="0 ETH"
            working={false}
          />,
          <MenuItem
            last={true}
            title="Device Nonce"
            value={0}
            working={false}
          />,
        ],
      },
      "ref": null,
      "rendered": Array [
        Object {
          "instance": null,
          "key": undefined,
          "nodeType": "function",
          "props": Object {
            "href": "https://rinkeby.etherscan.io/address/0x8dd7ef5c99be7a454b4a9869683a3a394fde9777",
            "title": "Device Address",
            "value": "0x8dd7ef5c99be7a454b4a9869683a...",
          },
          "ref": null,
          "rendered": null,
          "type": [Function],
        },
        Object {
          "instance": null,
          "key": undefined,
          "nodeType": "function",
          "props": Object {
            "title": "Device Gas",
            "value": "0 ETH",
            "working": false,
          },
          "ref": null,
          "rendered": null,
          "type": [Function],
        },
        Object {
          "instance": null,
          "key": undefined,
          "nodeType": "function",
          "props": Object {
            "last": true,
            "title": "Device Nonce",
            "value": 0,
            "working": false,
          },
          "ref": null,
          "rendered": null,
          "type": [Function],
        },
      ],
      "type": [Function],
    },
  ],
  Symbol(enzyme.__options__): Object {
    "adapter": ReactSixteenAdapter {
      "options": Object {
        "enableComponentDidUpdateOnSetState": true,
      },
    },
    "context": Object {
      "store": Object {
        "clearActions": [Function],
        "dispatch": [Function],
        "getActions": [Function],
        "getState": [Function],
        "replaceReducer": [Function],
        "subscribe": [Function],
      },
    },
  },
}
`;

exports[`Advanced - Device renders fuel of 0 and nonce of 0 1`] = `
<View
  style={
    Object {
      "backgroundColor": "rgba(246,247,248,1)",
      "flex": 1,
    }
  }
>
  <RCTScrollView
    contentContainerStyle={
      Array [
        Object {
          "backgroundColor": "rgba(246,247,248,1)",
          "flex": 0,
        },
        Object {},
      ]
    }
    refreshControl={undefined}
    style={
      Array [
        Object {
          "borderBottomColor": "rgba(216,216,216,1)",
          "borderBottomWidth": 1,
        },
        Object {
          "flex": 1,
        },
      ]
    }
  >
    <View>
      <View
        accessibilityComponentType={undefined}
        accessibilityLabel={undefined}
        accessibilityTraits={undefined}
        accessible={true}
        collapsable={undefined}
        hasTVPreferredFocus={undefined}
        hitSlop={undefined}
        isTVSelectable={true}
        nativeID={undefined}
        onLayout={undefined}
        onResponderGrant={[Function]}
        onResponderMove={[Function]}
        onResponderRelease={[Function]}
        onResponderTerminate={[Function]}
        onResponderTerminationRequest={[Function]}
        onStartShouldSetResponder={[Function]}
        style={
          Object {
            "opacity": 1,
          }
        }
        testID={undefined}
        tvParallaxProperties={undefined}
      >
        <View
          style={
            Array [
              Object {
                "alignItems": "center",
                "backgroundColor": "#FFFFFF",
                "borderColor": "rgba(216,216,216,1)",
                "borderTopWidth": 1,
                "flexDirection": "row",
                "justifyContent": "space-between",
                "padding": 19,
              },
              Object {},
            ]
          }
        >
          <Text
            accessible={true}
            allowFontScaling={true}
            ellipsizeMode="tail"
            style={
              Object {
                "color": "rgba(170,170,170,1)",
                "fontFamily": "NunitoSans-Regular",
                "fontSize": 16,
                "lineHeight": 22,
              }
            }
          >
            Device Address
          </Text>
          <View
            style={
              Object {
                "flexDirection": "row",
              }
            }
          >
            <Text
              accessible={true}
              allowFontScaling={true}
              ellipsizeMode="tail"
              style={
                Array [
                  Object {
                    "color": "rgba(74,74,74,1)",
                    "fontFamily": "NunitoSans-Light",
                    "fontSize": 14,
                    "lineHeight": 22,
                  },
                  Object {},
                ]
              }
            >
              0x9df0e9759b17f34e9123adbe6d3f...
            </Text>
            <Icon
              color="rgba(216,216,216,1)"
              name="ios-link-outline"
              size={20}
              style={
                Object {
                  "marginLeft": 16,
                }
              }
            />
          </View>
        </View>
      </View>
      <View
        style={
          Array [
            Object {
              "alignItems": "center",
              "backgroundColor": "#FFFFFF",
              "borderColor": "rgba(216,216,216,1)",
              "borderTopWidth": 1,
              "flexDirection": "row",
              "justifyContent": "space-between",
              "padding": 19,
            },
            Object {},
          ]
        }
      >
        <Text
          accessible={true}
          allowFontScaling={true}
          ellipsizeMode="tail"
          style={
            Array [
              Object {
                "color": "rgba(170,170,170,1)",
                "fontFamily": "NunitoSans-Regular",
                "fontSize": 16,
                "lineHeight": 22,
              },
            ]
          }
        >
          Device Gas
        </Text>
        <Text
          accessible={true}
          allowFontScaling={true}
          ellipsizeMode="tail"
          style={
            Array [
              Object {
                "color": "rgba(74,74,74,1)",
                "fontFamily": "NunitoSans-Light",
                "fontSize": 14,
                "lineHeight": 22,
              },
              Object {},
            ]
          }
        >
          0 ETH
        </Text>
      </View>
      <View
        style={
          Array [
            Object {
              "alignItems": "center",
              "backgroundColor": "#FFFFFF",
              "borderColor": "rgba(216,216,216,1)",
              "borderTopWidth": 1,
              "flexDirection": "row",
              "justifyContent": "space-between",
              "padding": 19,
            },
            Object {
              "borderBottomColor": "rgba(216,216,216,1)",
              "borderBottomWidth": 1,
            },
          ]
        }
      >
        <Text
          accessible={true}
          allowFontScaling={true}
          ellipsizeMode="tail"
          style={
            Array [
              Object {
                "color": "rgba(170,170,170,1)",
                "fontFamily": "NunitoSans-Regular",
                "fontSize": 16,
                "lineHeight": 22,
              },
            ]
          }
        >
          Device Nonce
        </Text>
      </View>
    </View>
  </RCTScrollView>
</View>
`;

exports[`Advanced - Device renders fuel of 11210000000000100111 1`] = `
<View
  style={
    Object {
      "backgroundColor": "rgba(246,247,248,1)",
      "flex": 1,
    }
  }
>
  <RCTScrollView
    contentContainerStyle={
      Array [
        Object {
          "backgroundColor": "rgba(246,247,248,1)",
          "flex": 0,
        },
        Object {},
      ]
    }
    refreshControl={undefined}
    style={
      Array [
        Object {
          "borderBottomColor": "rgba(216,216,216,1)",
          "borderBottomWidth": 1,
        },
        Object {
          "flex": 1,
        },
      ]
    }
  >
    <View>
      <View
        accessibilityComponentType={undefined}
        accessibilityLabel={undefined}
        accessibilityTraits={undefined}
        accessible={true}
        collapsable={undefined}
        hasTVPreferredFocus={undefined}
        hitSlop={undefined}
        isTVSelectable={true}
        nativeID={undefined}
        onLayout={undefined}
        onResponderGrant={[Function]}
        onResponderMove={[Function]}
        onResponderRelease={[Function]}
        onResponderTerminate={[Function]}
        onResponderTerminationRequest={[Function]}
        onStartShouldSetResponder={[Function]}
        style={
          Object {
            "opacity": 1,
          }
        }
        testID={undefined}
        tvParallaxProperties={undefined}
      >
        <View
          style={
            Array [
              Object {
                "alignItems": "center",
                "backgroundColor": "#FFFFFF",
                "borderColor": "rgba(216,216,216,1)",
                "borderTopWidth": 1,
                "flexDirection": "row",
                "justifyContent": "space-between",
                "padding": 19,
              },
              Object {},
            ]
          }
        >
          <Text
            accessible={true}
            allowFontScaling={true}
            ellipsizeMode="tail"
            style={
              Object {
                "color": "rgba(170,170,170,1)",
                "fontFamily": "NunitoSans-Regular",
                "fontSize": 16,
                "lineHeight": 22,
              }
            }
          >
            Device Address
          </Text>
          <View
            style={
              Object {
                "flexDirection": "row",
              }
            }
          >
            <Text
              accessible={true}
              allowFontScaling={true}
              ellipsizeMode="tail"
              style={
                Array [
                  Object {
                    "color": "rgba(74,74,74,1)",
                    "fontFamily": "NunitoSans-Light",
                    "fontSize": 14,
                    "lineHeight": 22,
                  },
                  Object {},
                ]
              }
            >
              0x9df0e9759b17f34e9123adbe6d3f...
            </Text>
            <Icon
              color="rgba(216,216,216,1)"
              name="ios-link-outline"
              size={20}
              style={
                Object {
                  "marginLeft": 16,
                }
              }
            />
          </View>
        </View>
      </View>
      <View
        style={
          Array [
            Object {
              "alignItems": "center",
              "backgroundColor": "#FFFFFF",
              "borderColor": "rgba(216,216,216,1)",
              "borderTopWidth": 1,
              "flexDirection": "row",
              "justifyContent": "space-between",
              "padding": 19,
            },
            Object {},
          ]
        }
      >
        <Text
          accessible={true}
          allowFontScaling={true}
          ellipsizeMode="tail"
          style={
            Array [
              Object {
                "color": "rgba(170,170,170,1)",
                "fontFamily": "NunitoSans-Regular",
                "fontSize": 16,
                "lineHeight": 22,
              },
            ]
          }
        >
          Device Gas
        </Text>
        <Text
          accessible={true}
          allowFontScaling={true}
          ellipsizeMode="tail"
          style={
            Array [
              Object {
                "color": "rgba(74,74,74,1)",
                "fontFamily": "NunitoSans-Light",
                "fontSize": 14,
                "lineHeight": 22,
              },
              Object {},
            ]
          }
        >
          11.2100000000001 ETH
        </Text>
      </View>
      <View
        style={
          Array [
            Object {
              "alignItems": "center",
              "backgroundColor": "#FFFFFF",
              "borderColor": "rgba(216,216,216,1)",
              "borderTopWidth": 1,
              "flexDirection": "row",
              "justifyContent": "space-between",
              "padding": 19,
            },
            Object {
              "borderBottomColor": "rgba(216,216,216,1)",
              "borderBottomWidth": 1,
            },
          ]
        }
      >
        <Text
          accessible={true}
          allowFontScaling={true}
          ellipsizeMode="tail"
          style={
            Array [
              Object {
                "color": "rgba(170,170,170,1)",
                "fontFamily": "NunitoSans-Regular",
                "fontSize": 16,
                "lineHeight": 22,
              },
            ]
          }
        >
          Device Nonce
        </Text>
        <Text
          accessible={true}
          allowFontScaling={true}
          ellipsizeMode="tail"
          style={
            Array [
              Object {
                "color": "rgba(74,74,74,1)",
                "fontFamily": "NunitoSans-Light",
                "fontSize": 14,
                "lineHeight": 22,
              },
              Object {},
            ]
          }
        >
          3
        </Text>
      </View>
    </View>
  </RCTScrollView>
</View>
`;

exports[`Advanced - Device renders working status 1`] = `
<View
  style={
    Object {
      "backgroundColor": "rgba(246,247,248,1)",
      "flex": 1,
    }
  }
>
  <RCTScrollView
    contentContainerStyle={
      Array [
        Object {
          "backgroundColor": "rgba(246,247,248,1)",
          "flex": 0,
        },
        Object {},
      ]
    }
    refreshControl={undefined}
    style={
      Array [
        Object {
          "borderBottomColor": "rgba(216,216,216,1)",
          "borderBottomWidth": 1,
        },
        Object {
          "flex": 1,
        },
      ]
    }
  >
    <View>
      <View
        accessibilityComponentType={undefined}
        accessibilityLabel={undefined}
        accessibilityTraits={undefined}
        accessible={true}
        collapsable={undefined}
        hasTVPreferredFocus={undefined}
        hitSlop={undefined}
        isTVSelectable={true}
        nativeID={undefined}
        onLayout={undefined}
        onResponderGrant={[Function]}
        onResponderMove={[Function]}
        onResponderRelease={[Function]}
        onResponderTerminate={[Function]}
        onResponderTerminationRequest={[Function]}
        onStartShouldSetResponder={[Function]}
        style={
          Object {
            "opacity": 1,
          }
        }
        testID={undefined}
        tvParallaxProperties={undefined}
      >
        <View
          style={
            Array [
              Object {
                "alignItems": "center",
                "backgroundColor": "#FFFFFF",
                "borderColor": "rgba(216,216,216,1)",
                "borderTopWidth": 1,
                "flexDirection": "row",
                "justifyContent": "space-between",
                "padding": 19,
              },
              Object {},
            ]
          }
        >
          <Text
            accessible={true}
            allowFontScaling={true}
            ellipsizeMode="tail"
            style={
              Object {
                "color": "rgba(170,170,170,1)",
                "fontFamily": "NunitoSans-Regular",
                "fontSize": 16,
                "lineHeight": 22,
              }
            }
          >
            Device Address
          </Text>
          <View
            style={
              Object {
                "flexDirection": "row",
              }
            }
          >
            <Text
              accessible={true}
              allowFontScaling={true}
              ellipsizeMode="tail"
              style={
                Array [
                  Object {
                    "color": "rgba(74,74,74,1)",
                    "fontFamily": "NunitoSans-Light",
                    "fontSize": 14,
                    "lineHeight": 22,
                  },
                  Object {},
                ]
              }
            >
              0x9df0e9759b17f34e9123adbe6d3f...
            </Text>
            <Icon
              color="rgba(216,216,216,1)"
              name="ios-link-outline"
              size={20}
              style={
                Object {
                  "marginLeft": 16,
                }
              }
            />
          </View>
        </View>
      </View>
      <View
        style={
          Array [
            Object {
              "alignItems": "center",
              "backgroundColor": "#FFFFFF",
              "borderColor": "rgba(216,216,216,1)",
              "borderTopWidth": 1,
              "flexDirection": "row",
              "justifyContent": "space-between",
              "padding": 19,
            },
            Object {},
          ]
        }
      >
        <Text
          accessible={true}
          allowFontScaling={true}
          ellipsizeMode="tail"
          style={
            Array [
              Object {
                "color": "rgba(170,170,170,1)",
                "fontFamily": "NunitoSans-Regular",
                "fontSize": 16,
                "lineHeight": 22,
              },
            ]
          }
        >
          Device Gas
        </Text>
        <Text
          accessible={true}
          allowFontScaling={true}
          ellipsizeMode="tail"
          style={
            Array [
              Object {
                "color": "rgba(74,74,74,1)",
                "fontFamily": "NunitoSans-Light",
                "fontSize": 14,
                "lineHeight": 22,
              },
              Object {},
            ]
          }
        >
          0 ETH
        </Text>
      </View>
      <View
        style={
          Array [
            Object {
              "alignItems": "center",
              "backgroundColor": "#FFFFFF",
              "borderColor": "rgba(216,216,216,1)",
              "borderTopWidth": 1,
              "flexDirection": "row",
              "justifyContent": "space-between",
              "padding": 19,
            },
            Object {
              "borderBottomColor": "rgba(216,216,216,1)",
              "borderBottomWidth": 1,
            },
          ]
        }
      >
        <Text
          accessible={true}
          allowFontScaling={true}
          ellipsizeMode="tail"
          style={
            Array [
              Object {
                "color": "rgba(170,170,170,1)",
                "fontFamily": "NunitoSans-Regular",
                "fontSize": 16,
                "lineHeight": 22,
              },
            ]
          }
        >
          Device Nonce
        </Text>
      </View>
    </View>
  </RCTScrollView>
</View>
`;
