// Jest Snapshot v1, https://goo.gl/fbAQLP

exports[`Avanced - Network renders a connected component as expected 1`] = `
ShallowWrapper {
  "length": 1,
  Symbol(enzyme.__root__): [Circular],
  Symbol(enzyme.__unrendered__): <Network
    dispatch={[Function]}
    gasPrice="32000"
    navigator={FakeNavigator {}}
    network="rinkeby"
    working={false}
  />,
  Symbol(enzyme.__renderer__): Object {
    "batchedUpdates": [Function],
    "getNode": [Function],
    "render": [Function],
    "simulateEvent": [Function],
    "unmount": [Function],
  },
  Symbol(enzyme.__node__): Object {
    "instance": null,
    "key": undefined,
    "nodeType": "class",
    "props": Object {
      "children": <Menu>
        <MenuItem
          title="Network"
          value="rinkeby"
        />
        <MenuItem
          title="Gas Price"
          value="32000"
          working={false}
        />
      </Menu>,
      "navigator": FakeNavigator {},
    },
    "ref": null,
    "rendered": Object {
      "instance": null,
      "key": undefined,
      "nodeType": "function",
      "props": Object {
        "children": Array [
          <MenuItem
            title="Network"
            value="rinkeby"
          />,
          <MenuItem
            title="Gas Price"
            value="32000"
            working={false}
          />,
        ],
      },
      "ref": null,
      "rendered": Array [
        Object {
          "instance": null,
          "key": undefined,
          "nodeType": "function",
          "props": Object {
            "title": "Network",
            "value": "rinkeby",
          },
          "ref": null,
          "rendered": null,
          "type": [Function],
        },
        Object {
          "instance": null,
          "key": undefined,
          "nodeType": "function",
          "props": Object {
            "title": "Gas Price",
            "value": "32000",
            "working": false,
          },
          "ref": null,
          "rendered": null,
          "type": [Function],
        },
      ],
      "type": [Function],
    },
    "type": [Function],
  },
  Symbol(enzyme.__nodes__): Array [
    Object {
      "instance": null,
      "key": undefined,
      "nodeType": "class",
      "props": Object {
        "children": <Menu>
          <MenuItem
            title="Network"
            value="rinkeby"
          />
          <MenuItem
            title="Gas Price"
            value="32000"
            working={false}
          />
        </Menu>,
        "navigator": FakeNavigator {},
      },
      "ref": null,
      "rendered": Object {
        "instance": null,
        "key": undefined,
        "nodeType": "function",
        "props": Object {
          "children": Array [
            <MenuItem
              title="Network"
              value="rinkeby"
            />,
            <MenuItem
              title="Gas Price"
              value="32000"
              working={false}
            />,
          ],
        },
        "ref": null,
        "rendered": Array [
          Object {
            "instance": null,
            "key": undefined,
            "nodeType": "function",
            "props": Object {
              "title": "Network",
              "value": "rinkeby",
            },
            "ref": null,
            "rendered": null,
            "type": [Function],
          },
          Object {
            "instance": null,
            "key": undefined,
            "nodeType": "function",
            "props": Object {
              "title": "Gas Price",
              "value": "32000",
              "working": false,
            },
            "ref": null,
            "rendered": null,
            "type": [Function],
          },
        ],
        "type": [Function],
      },
      "type": [Function],
    },
  ],
  Symbol(enzyme.__options__): Object {
    "adapter": ReactSixteenAdapter {
      "options": Object {
        "enableComponentDidUpdateOnSetState": true,
      },
    },
    "context": Object {
      "store": Object {
        "clearActions": [Function],
        "dispatch": [Function],
        "getActions": [Function],
        "getState": [Function],
        "replaceReducer": [Function],
        "subscribe": [Function],
      },
    },
  },
}
`;

exports[`Avanced - Network renders gasPrice 1`] = `
<View
  style={
    Object {
      "backgroundColor": "rgba(246,247,248,1)",
      "flex": 1,
    }
  }
>
  <RCTScrollView
    contentContainerStyle={
      Array [
        Object {
          "backgroundColor": "rgba(246,247,248,1)",
          "flex": 0,
        },
        Object {},
      ]
    }
    refreshControl={undefined}
    style={
      Array [
        Object {
          "borderBottomColor": "rgba(216,216,216,1)",
          "borderBottomWidth": 0.5,
        },
        Object {
          "flex": 1,
        },
      ]
    }
  >
    <View>
      <View
        style={
          Array [
            Object {
              "alignItems": "center",
              "backgroundColor": "#FFFFFF",
              "borderBottomWidth": 0.5,
              "borderColor": "rgba(216,216,216,1)",
              "flexDirection": "row",
              "justifyContent": "space-between",
              "padding": 15,
            },
            Object {},
          ]
        }
      >
        <Text
          accessible={true}
          allowFontScaling={true}
          ellipsizeMode="tail"
          style={
            Array [
              Object {
                "color": "rgba(74,74,74,1)",
                "fontSize": 14,
                "lineHeight": 22,
              },
            ]
          }
        >
          Network
        </Text>
        <Text
          accessible={true}
          allowFontScaling={true}
          ellipsizeMode="tail"
          style={
            Array [
              Object {
                "color": "rgba(74,74,74,1)",
                "fontSize": 14,
                "lineHeight": 22,
              },
              Object {},
            ]
          }
        >
          rinkeby
        </Text>
      </View>
      <View
        style={
          Array [
            Object {
              "alignItems": "center",
              "backgroundColor": "#FFFFFF",
              "borderBottomWidth": 0.5,
              "borderColor": "rgba(216,216,216,1)",
              "flexDirection": "row",
              "justifyContent": "space-between",
              "padding": 15,
            },
            Object {},
          ]
        }
      >
        <Text
          accessible={true}
          allowFontScaling={true}
          ellipsizeMode="tail"
          style={
            Array [
              Object {
                "color": "rgba(74,74,74,1)",
                "fontSize": 14,
                "lineHeight": 22,
              },
            ]
          }
        >
          Gas Price
        </Text>
        <Text
          accessible={true}
          allowFontScaling={true}
          ellipsizeMode="tail"
          style={
            Array [
              Object {
                "color": "rgba(74,74,74,1)",
                "fontSize": 14,
                "lineHeight": 22,
              },
              Object {},
            ]
          }
        >
          21000000
        </Text>
      </View>
    </View>
  </RCTScrollView>
</View>
`;

exports[`Avanced - Network renders gasPrice working 1`] = `
<View
  style={
    Object {
      "backgroundColor": "rgba(246,247,248,1)",
      "flex": 1,
    }
  }
>
  <RCTScrollView
    contentContainerStyle={
      Array [
        Object {
          "backgroundColor": "rgba(246,247,248,1)",
          "flex": 0,
        },
        Object {},
      ]
    }
    refreshControl={undefined}
    style={
      Array [
        Object {
          "borderBottomColor": "rgba(216,216,216,1)",
          "borderBottomWidth": 0.5,
        },
        Object {
          "flex": 1,
        },
      ]
    }
  >
    <View>
      <View
        style={
          Array [
            Object {
              "alignItems": "center",
              "backgroundColor": "#FFFFFF",
              "borderBottomWidth": 0.5,
              "borderColor": "rgba(216,216,216,1)",
              "flexDirection": "row",
              "justifyContent": "space-between",
              "padding": 15,
            },
            Object {},
          ]
        }
      >
        <Text
          accessible={true}
          allowFontScaling={true}
          ellipsizeMode="tail"
          style={
            Array [
              Object {
                "color": "rgba(74,74,74,1)",
                "fontSize": 14,
                "lineHeight": 22,
              },
            ]
          }
        >
          Network
        </Text>
        <Text
          accessible={true}
          allowFontScaling={true}
          ellipsizeMode="tail"
          style={
            Array [
              Object {
                "color": "rgba(74,74,74,1)",
                "fontSize": 14,
                "lineHeight": 22,
              },
              Object {},
            ]
          }
        >
          rinkeby
        </Text>
      </View>
      <View
        style={
          Array [
            Object {
              "alignItems": "center",
              "backgroundColor": "#FFFFFF",
              "borderBottomWidth": 0.5,
              "borderColor": "rgba(216,216,216,1)",
              "flexDirection": "row",
              "justifyContent": "space-between",
              "padding": 15,
            },
            Object {},
          ]
        }
      >
        <Text
          accessible={true}
          allowFontScaling={true}
          ellipsizeMode="tail"
          style={
            Array [
              Object {
                "color": "rgba(74,74,74,1)",
                "fontSize": 14,
                "lineHeight": 22,
              },
            ]
          }
        >
          Gas Price
        </Text>
        <Text
          accessible={true}
          allowFontScaling={true}
          ellipsizeMode="tail"
          style={
            Array [
              Object {
                "color": "rgba(74,74,74,1)",
                "fontSize": 14,
                "lineHeight": 22,
              },
              Object {},
            ]
          }
        >
          21000000
        </Text>
      </View>
    </View>
  </RCTScrollView>
</View>
`;
