// Jest Snapshot v1, https://goo.gl/fbAQLP

exports[`renders correctly empty 1`] = `
<RCTScrollView
  data={Array []}
  disableVirtualization={false}
  getItem={[Function]}
  getItemCount={[Function]}
  horizontal={false}
  initialNumToRender={10}
  invertStickyHeaders={undefined}
  keyExtractor={[Function]}
  maxToRenderPerBatch={10}
  numColumns={1}
  onContentSizeChange={[Function]}
  onEndReachedThreshold={2}
  onLayout={[Function]}
  onMomentumScrollEnd={[Function]}
  onScroll={[Function]}
  onScrollBeginDrag={[Function]}
  onScrollEndDrag={[Function]}
  renderItem={[Function]}
  scrollEventThrottle={50}
  stickyHeaderIndices={Array []}
  updateCellsBatchingPeriod={50}
  viewabilityConfigCallbackPairs={Array []}
  windowSize={21}
>
  <View />
</RCTScrollView>
`;

exports[`renders correctly with data 1`] = `
<RCTScrollView
  data={
    Array [
      Object {
        "message": "hello",
        "section": "sensui",
      },
    ]
  }
  disableVirtualization={false}
  getItem={[Function]}
  getItemCount={[Function]}
  horizontal={false}
  initialNumToRender={10}
  invertStickyHeaders={undefined}
  keyExtractor={[Function]}
  maxToRenderPerBatch={10}
  numColumns={1}
  onContentSizeChange={[Function]}
  onEndReachedThreshold={2}
  onLayout={[Function]}
  onMomentumScrollEnd={[Function]}
  onScroll={[Function]}
  onScrollBeginDrag={[Function]}
  onScrollEndDrag={[Function]}
  renderItem={[Function]}
  scrollEventThrottle={50}
  stickyHeaderIndices={Array []}
  updateCellsBatchingPeriod={50}
  viewabilityConfigCallbackPairs={Array []}
  windowSize={21}
>
  <View>
    <View
      onLayout={[Function]}
      style={null}
    >
      <View
        style={
          Array [
            Object {
              "alignItems": "center",
              "backgroundColor": "#FFFFFF",
              "borderBottomWidth": 0.5,
              "borderColor": "rgba(216,216,216,1)",
              "flexDirection": "row",
              "justifyContent": "space-between",
              "padding": 15,
            },
            Object {},
          ]
        }
      >
        <Text
          accessible={true}
          allowFontScaling={true}
          ellipsizeMode="tail"
          style={
            Array [
              Object {
                "color": "rgba(74,74,74,1)",
                "fontSize": 14,
                "lineHeight": 22,
              },
            ]
          }
        >
          sensui
        </Text>
        <Text
          accessible={true}
          allowFontScaling={true}
          ellipsizeMode="tail"
          style={
            Array [
              Object {
                "color": "rgba(74,74,74,1)",
                "fontSize": 14,
                "lineHeight": 22,
              },
              Object {},
            ]
          }
        >
          hello
        </Text>
      </View>
    </View>
  </View>
</RCTScrollView>
`;
