// Jest Snapshot v1, https://goo.gl/fbAQLP

exports[`AccountInfoTestnetWarning Component renders Account Info Testnet Warning screen 1`] = `
<View
  style={
    Object {
      "alignItems": "center",
      "flex": 1,
      "flexDirection": "column",
      "justifyContent": "center",
    }
  }
>
  <View
    style={
      Object {
        "backgroundColor": "#ffffff",
        "borderRadius": 5,
        "borderWidth": 0.2,
        "flexDirection": "column",
        "marginLeft": 30,
        "marginRight": 30,
        "padding": 30,
      }
    }
  >
    <View
      style={
        Object {
          "alignItems": "center",
          "padding": 20,
          "paddingBottom": 10,
        }
      }
    >
      <View
        style={
          Object {
            "marginBottom": 10,
          }
        }
      >
        <Svg
          height={31}
          viewBox="0 0 90 82"
          width={34}
        >
          <G
            fill="rgba(242,112,28,1)"
            fillRule="nonzero"
          >
            <Path
              d="M81.2,81.1 L8.8,81.1 C5.6,81.1 2.8,79.5 1.2,76.7 C-0.4,74 -0.4,70.7 1.2,68 L37.4,5.2 C39,2.5 41.8,0.8 45,0.8 L45,0.8 C48.2,0.8 51,2.4 52.6,5.2 L88.8,68 C90.4,70.7 90.4,74 88.8,76.7 C87.2,79.5 84.4,81.1 81.2,81.1 Z M6.9,71.3 C6.3,72.3 6.7,73.2 6.9,73.5 C7.1,73.8 7.7,74.6 8.8,74.6 L81.3,74.6 C82.4,74.6 83,73.8 83.2,73.5 C83.4,73.2 83.8,72.3 83.2,71.3 L46.9,8.5 C46.3,7.5 45.4,7.4 45,7.4 C44.6,7.4 43.7,7.5 43.1,8.5 L6.9,71.3 Z"
            />
            <Path
              d="M45,57.3 C43.2,57.3 42,55.8 42,54 L42,26.5 C42,24.7 43.2,23.2 45,23.2 C46.8,23.2 48,24.7 48,26.5 L48,54 C48,55.8 46.8,57.3 45,57.3 Z"
            />
            <Circle
              cx="45"
              cy="65.8"
              r="3.9"
            />
          </G>
        </Svg>
      </View>
      <Text
        accessible={true}
        allowFontScaling={true}
        ellipsizeMode="tail"
        style={
          Object {
            "color": "rgba(74,74,74,1)",
            "fontSize": 24,
            "lineHeight": 30,
            "marginBottom": 16,
            "textAlign": "center",
          }
        }
      >
        Warning
      </Text>
    </View>
    <Text
      accessible={true}
      allowFontScaling={true}
      ellipsizeMode="tail"
      style={
        Array [
          Object {
            "color": "rgba(74,74,74,1)",
            "fontSize": 16,
            "lineHeight": 22,
            "textAlign": "center",
          },
        ]
      }
    >
      This account is on a test network. Do not send real Ether or tokens to this address. You will lose them. 
    </Text>
    <View
      style={
        Object {
          "alignItems": "center",
          "borderTopColor": "rgba(216,216,216,1)",
          "borderTopWidth": 1,
          "flexDirection": "row",
          "marginBottom": -30,
          "marginLeft": -30,
          "marginRight": -30,
          "marginTop": 30,
        }
      }
    >
      <View
        accessibilityComponentType={undefined}
        accessibilityLabel={undefined}
        accessibilityTraits={undefined}
        accessible={true}
        collapsable={undefined}
        hasTVPreferredFocus={undefined}
        hitSlop={undefined}
        isTVSelectable={true}
        nativeID={undefined}
        onLayout={undefined}
        onResponderGrant={[Function]}
        onResponderMove={[Function]}
        onResponderRelease={[Function]}
        onResponderTerminate={[Function]}
        onResponderTerminationRequest={[Function]}
        onStartShouldSetResponder={[Function]}
        style={
          Object {
            "alignItems": "center",
            "flex": 1,
            "height": 57,
            "justifyContent": "center",
            "opacity": 1,
          }
        }
        testID={undefined}
        tvParallaxProperties={undefined}
      >
        <Text
          accessible={true}
          allowFontScaling={true}
          ellipsizeMode="tail"
          style={
            Array [
              Object {
                "color": "rgba(74,74,74,1)",
                "fontSize": 16,
                "lineHeight": 22,
                "textAlign": "center",
              },
              Object {
                "color": "rgba(92,80,202,1)",
              },
            ]
          }
        >
          Cancel
        </Text>
      </View>
      <View
        accessibilityComponentType={undefined}
        accessibilityLabel={undefined}
        accessibilityTraits={undefined}
        accessible={true}
        collapsable={undefined}
        hasTVPreferredFocus={undefined}
        hitSlop={undefined}
        isTVSelectable={true}
        nativeID={undefined}
        onLayout={undefined}
        onResponderGrant={[Function]}
        onResponderMove={[Function]}
        onResponderRelease={[Function]}
        onResponderTerminate={[Function]}
        onResponderTerminationRequest={[Function]}
        onStartShouldSetResponder={[Function]}
        style={
          Object {
            "alignItems": "center",
            "flex": 1,
            "height": 57,
            "justifyContent": "center",
            "opacity": 1,
          }
        }
        testID={undefined}
        tvParallaxProperties={undefined}
      >
        <Text
          accessible={true}
          allowFontScaling={true}
          ellipsizeMode="tail"
          style={
            Array [
              Object {
                "color": "rgba(74,74,74,1)",
                "fontSize": 16,
                "lineHeight": 22,
                "textAlign": "center",
              },
              Object {
                "color": "rgba(92,80,202,1)",
              },
            ]
          }
        >
          Copy
        </Text>
      </View>
    </View>
  </View>
</View>
`;
