// Jest Snapshot v1, https://goo.gl/fbAQLP

exports[`Recovery Notification renders an recovery notification correctly 1`] = `
<View
  accessibilityComponentType={undefined}
  accessibilityLabel={undefined}
  accessibilityTraits={undefined}
  accessible={true}
  collapsable={undefined}
  hasTVPreferredFocus={undefined}
  hitSlop={undefined}
  isTVSelectable={true}
  nativeID={undefined}
  onLayout={undefined}
  onResponderGrant={[Function]}
  onResponderMove={[Function]}
  onResponderRelease={[Function]}
  onResponderTerminate={[Function]}
  onResponderTerminationRequest={[Function]}
  onStartShouldSetResponder={[Function]}
  style={
    Object {
      "alignSelf": "stretch",
      "backgroundColor": "#FFFFFF",
      "borderRadius": 8,
      "elevation": 2,
      "flex": 0,
      "margin": 4,
      "marginBottom": 26,
      "opacity": 1,
      "shadowColor": "rgba(0,0,0,0.07)",
      "shadowOffset": Object {
        "height": -1,
        "width": 0,
      },
      "shadowRadius": 12,
    }
  }
  testID={undefined}
  tvParallaxProperties={undefined}
>
  <View
    style={
      Object {
        "alignItems": "center",
        "alignSelf": "stretch",
        "flex": 0,
      }
    }
  >
    <View
      style={
        Object {
          "alignItems": "stretch",
          "alignSelf": "stretch",
          "borderBottomColor": "rgba(226,226,226,1)",
          "borderBottomWidth": 1,
          "marginBottom": 19,
          "marginTop": 19,
        }
      }
    >
      <Text
        accessible={true}
        allowFontScaling={true}
        ellipsizeMode="tail"
        style={
          Object {
            "color": "rgba(74,74,74,1)",
            "fontFamily": undefined,
            "fontSize": 22,
            "lineHeight": 30,
            "padding": 19,
            "paddingTop": 0,
            "textAlign": "center",
          }
        }
      >
        Contact Recover Request
      </Text>
    </View>
  </View>
</View>
`;

exports[`Recovery Notification renders an recovery notification that has been authorized correctly 1`] = `
<View
  accessibilityComponentType={undefined}
  accessibilityLabel={undefined}
  accessibilityTraits={undefined}
  accessible={true}
  collapsable={undefined}
  hasTVPreferredFocus={undefined}
  hitSlop={undefined}
  isTVSelectable={true}
  nativeID={undefined}
  onLayout={undefined}
  onResponderGrant={[Function]}
  onResponderMove={[Function]}
  onResponderRelease={[Function]}
  onResponderTerminate={[Function]}
  onResponderTerminationRequest={[Function]}
  onStartShouldSetResponder={[Function]}
  style={
    Object {
      "alignSelf": "stretch",
      "backgroundColor": "#FFFFFF",
      "borderRadius": 8,
      "elevation": 2,
      "flex": 0,
      "margin": 4,
      "marginBottom": 26,
      "opacity": 1,
      "shadowColor": "rgba(0,0,0,0.07)",
      "shadowOffset": Object {
        "height": -1,
        "width": 0,
      },
      "shadowRadius": 12,
    }
  }
  testID={undefined}
  tvParallaxProperties={undefined}
>
  <View
    style={
      Object {
        "alignItems": "center",
        "alignSelf": "stretch",
        "flex": 0,
      }
    }
  >
    <View
      style={
        Object {
          "alignItems": "stretch",
          "alignSelf": "stretch",
          "borderBottomColor": "rgba(226,226,226,1)",
          "borderBottomWidth": 1,
          "marginBottom": 19,
          "marginTop": 19,
        }
      }
    >
      <Text
        accessible={true}
        allowFontScaling={true}
        ellipsizeMode="tail"
        style={
          Object {
            "color": "rgba(74,74,74,1)",
            "fontFamily": undefined,
            "fontSize": 22,
            "lineHeight": 30,
            "padding": 19,
            "paddingTop": 0,
            "textAlign": "center",
          }
        }
      >
        Contact Recover Request
      </Text>
    </View>
  </View>
</View>
`;

exports[`Recovery Notification renders an recovery notification that has been canceled correctly 1`] = `
<View
  accessibilityComponentType={undefined}
  accessibilityLabel={undefined}
  accessibilityTraits={undefined}
  accessible={true}
  collapsable={undefined}
  hasTVPreferredFocus={undefined}
  hitSlop={undefined}
  isTVSelectable={true}
  nativeID={undefined}
  onLayout={undefined}
  onResponderGrant={[Function]}
  onResponderMove={[Function]}
  onResponderRelease={[Function]}
  onResponderTerminate={[Function]}
  onResponderTerminationRequest={[Function]}
  onStartShouldSetResponder={[Function]}
  style={
    Object {
      "alignSelf": "stretch",
      "backgroundColor": "#FFFFFF",
      "borderRadius": 8,
      "elevation": 2,
      "flex": 0,
      "margin": 4,
      "marginBottom": 26,
      "opacity": 1,
      "shadowColor": "rgba(0,0,0,0.07)",
      "shadowOffset": Object {
        "height": -1,
        "width": 0,
      },
      "shadowRadius": 12,
    }
  }
  testID={undefined}
  tvParallaxProperties={undefined}
>
  <View
    style={
      Object {
        "alignItems": "center",
        "alignSelf": "stretch",
        "flex": 0,
      }
    }
  >
    <View
      style={
        Object {
          "alignItems": "stretch",
          "alignSelf": "stretch",
          "borderBottomColor": "rgba(226,226,226,1)",
          "borderBottomWidth": 1,
          "marginBottom": 19,
          "marginTop": 19,
        }
      }
    >
      <Text
        accessible={true}
        allowFontScaling={true}
        ellipsizeMode="tail"
        style={
          Object {
            "color": "rgba(74,74,74,1)",
            "fontFamily": undefined,
            "fontSize": 22,
            "lineHeight": 30,
            "padding": 19,
            "paddingTop": 0,
            "textAlign": "center",
          }
        }
      >
        Contact Recover Request
      </Text>
    </View>
  </View>
</View>
`;
