// Jest Snapshot v1, https://goo.gl/fbAQLP

exports[`renders MenuItem with title 1`] = `
<View
  style={
    Array [
      Object {
        "alignItems": "center",
        "backgroundColor": "#FFFFFF",
        "borderBottomWidth": 0.5,
        "borderColor": "rgba(216,216,216,1)",
        "flexDirection": "row",
        "justifyContent": "space-between",
        "padding": 15,
      },
      Object {},
    ]
  }
>
  <Text
    accessible={true}
    allowFontScaling={true}
    ellipsizeMode="tail"
    style={
      Array [
        Object {
          "color": "rgba(74,74,74,1)",
          "fontSize": 14,
          "lineHeight": 22,
        },
      ]
    }
  >
    hello
  </Text>
</View>
`;

exports[`renders MenuItem with title and internal link 1`] = `
<View
  accessibilityComponentType={undefined}
  accessibilityLabel={undefined}
  accessibilityTraits={undefined}
  accessible={true}
  hasTVPreferredFocus={undefined}
  hitSlop={undefined}
  isTVSelectable={true}
  nativeID={undefined}
  onLayout={undefined}
  onResponderGrant={[Function]}
  onResponderMove={[Function]}
  onResponderRelease={[Function]}
  onResponderTerminate={[Function]}
  onResponderTerminationRequest={[Function]}
  onStartShouldSetResponder={[Function]}
  style={null}
  testID={undefined}
  tvParallaxProperties={undefined}
>
  <View
    style={
      Array [
        Object {
          "alignItems": "center",
          "backgroundColor": "#FFFFFF",
          "borderBottomWidth": 0.5,
          "borderColor": "rgba(216,216,216,1)",
          "flexDirection": "row",
          "justifyContent": "space-between",
          "padding": 15,
        },
        undefined,
      ]
    }
  >
    <Text
      accessible={true}
      allowFontScaling={true}
      ellipsizeMode="tail"
      style={
        Object {
          "color": "rgba(74,74,74,1)",
          "fontSize": 14,
          "lineHeight": 22,
        }
      }
    >
      hello
    </Text>
    <View
      style={
        Object {
          "flexDirection": "row",
        }
      }
    >
      <Text
        accessible={true}
        allowFontScaling={true}
        ellipsizeMode="tail"
        style={
          Array [
            Object {
              "color": "rgba(74,74,74,1)",
              "fontSize": 14,
              "lineHeight": 22,
            },
            Object {},
          ]
        }
      />
      <Icon
        color="rgba(216,216,216,1)"
        name="ios-arrow-forward-outline"
        size={20}
        style={
          Object {
            "marginLeft": 16,
          }
        }
      />
    </View>
  </View>
</View>
`;

exports[`renders MenuItem with title and link 1`] = `
<View
  accessibilityComponentType={undefined}
  accessibilityLabel={undefined}
  accessibilityTraits={undefined}
  accessible={true}
  hasTVPreferredFocus={undefined}
  hitSlop={undefined}
  isTVSelectable={true}
  nativeID={undefined}
  onLayout={undefined}
  onResponderGrant={[Function]}
  onResponderMove={[Function]}
  onResponderRelease={[Function]}
  onResponderTerminate={[Function]}
  onResponderTerminationRequest={[Function]}
  onStartShouldSetResponder={[Function]}
  style={null}
  testID={undefined}
  tvParallaxProperties={undefined}
>
  <View
    style={
      Array [
        Object {
          "alignItems": "center",
          "backgroundColor": "#FFFFFF",
          "borderBottomWidth": 0.5,
          "borderColor": "rgba(216,216,216,1)",
          "flexDirection": "row",
          "justifyContent": "space-between",
          "padding": 15,
        },
        undefined,
      ]
    }
  >
    <Text
      accessible={true}
      allowFontScaling={true}
      ellipsizeMode="tail"
      style={
        Object {
          "color": "rgba(74,74,74,1)",
          "fontSize": 14,
          "lineHeight": 22,
        }
      }
    >
      hello
    </Text>
    <View
      style={
        Object {
          "flexDirection": "row",
        }
      }
    >
      <Text
        accessible={true}
        allowFontScaling={true}
        ellipsizeMode="tail"
        style={
          Array [
            Object {
              "color": "rgba(74,74,74,1)",
              "fontSize": 14,
              "lineHeight": 22,
            },
            Object {},
          ]
        }
      />
      <Icon
        color="rgba(216,216,216,1)"
        name="ios-link-outline"
        size={20}
        style={
          Object {
            "marginLeft": 16,
          }
        }
      />
    </View>
  </View>
</View>
`;

exports[`renders MenuItem with title and onPress 1`] = `
<View
  accessibilityComponentType={undefined}
  accessibilityLabel={undefined}
  accessibilityTraits={undefined}
  accessible={true}
  hasTVPreferredFocus={undefined}
  hitSlop={undefined}
  isTVSelectable={true}
  nativeID={undefined}
  onLayout={undefined}
  onResponderGrant={[Function]}
  onResponderMove={[Function]}
  onResponderRelease={[Function]}
  onResponderTerminate={[Function]}
  onResponderTerminationRequest={[Function]}
  onStartShouldSetResponder={[Function]}
  style={null}
  testID={undefined}
  tvParallaxProperties={undefined}
>
  <View
    style={
      Array [
        Object {
          "alignItems": "center",
          "backgroundColor": "#FFFFFF",
          "borderBottomWidth": 0.5,
          "borderColor": "rgba(216,216,216,1)",
          "flexDirection": "row",
          "justifyContent": "space-between",
          "padding": 15,
        },
        undefined,
      ]
    }
  >
    <Text
      accessible={true}
      allowFontScaling={true}
      ellipsizeMode="tail"
      style={
        Object {
          "color": "rgba(74,74,74,1)",
          "fontSize": 14,
          "lineHeight": 22,
        }
      }
    >
      hello
    </Text>
    <View
      style={
        Object {
          "flexDirection": "row",
        }
      }
    >
      <Text
        accessible={true}
        allowFontScaling={true}
        ellipsizeMode="tail"
        style={
          Array [
            Object {
              "color": "rgba(74,74,74,1)",
              "fontSize": 14,
              "lineHeight": 22,
            },
            Object {},
          ]
        }
      />
    </View>
  </View>
</View>
`;

exports[`renders MenuItem with title and value 1`] = `
<View
  style={
    Array [
      Object {
        "alignItems": "center",
        "backgroundColor": "#FFFFFF",
        "borderBottomWidth": 0.5,
        "borderColor": "rgba(216,216,216,1)",
        "flexDirection": "row",
        "justifyContent": "space-between",
        "padding": 15,
      },
      Object {},
    ]
  }
>
  <Text
    accessible={true}
    allowFontScaling={true}
    ellipsizeMode="tail"
    style={
      Array [
        Object {
          "color": "rgba(74,74,74,1)",
          "fontSize": 14,
          "lineHeight": 22,
        },
      ]
    }
  >
    hello
  </Text>
  <Text
    accessible={true}
    allowFontScaling={true}
    ellipsizeMode="tail"
    style={
      Array [
        Object {
          "color": "rgba(74,74,74,1)",
          "fontSize": 14,
          "lineHeight": 22,
        },
        Object {},
      ]
    }
  >
    stuff
  </Text>
</View>
`;

exports[`renders MenuItem with title, value and internal link 1`] = `
<View
  accessibilityComponentType={undefined}
  accessibilityLabel={undefined}
  accessibilityTraits={undefined}
  accessible={true}
  hasTVPreferredFocus={undefined}
  hitSlop={undefined}
  isTVSelectable={true}
  nativeID={undefined}
  onLayout={undefined}
  onResponderGrant={[Function]}
  onResponderMove={[Function]}
  onResponderRelease={[Function]}
  onResponderTerminate={[Function]}
  onResponderTerminationRequest={[Function]}
  onStartShouldSetResponder={[Function]}
  style={null}
  testID={undefined}
  tvParallaxProperties={undefined}
>
  <View
    style={
      Array [
        Object {
          "alignItems": "center",
          "backgroundColor": "#FFFFFF",
          "borderBottomWidth": 0.5,
          "borderColor": "rgba(216,216,216,1)",
          "flexDirection": "row",
          "justifyContent": "space-between",
          "padding": 15,
        },
        undefined,
      ]
    }
  >
    <Text
      accessible={true}
      allowFontScaling={true}
      ellipsizeMode="tail"
      style={
        Object {
          "color": "rgba(74,74,74,1)",
          "fontSize": 14,
          "lineHeight": 22,
        }
      }
    >
      hello
    </Text>
    <View
      style={
        Object {
          "flexDirection": "row",
        }
      }
    >
      <Text
        accessible={true}
        allowFontScaling={true}
        ellipsizeMode="tail"
        style={
          Array [
            Object {
              "color": "rgba(74,74,74,1)",
              "fontSize": 14,
              "lineHeight": 22,
            },
            Object {},
          ]
        }
      >
        stuff
      </Text>
      <Icon
        color="rgba(216,216,216,1)"
        name="ios-arrow-forward-outline"
        size={20}
        style={
          Object {
            "marginLeft": 16,
          }
        }
      />
    </View>
  </View>
</View>
`;

exports[`renders MenuItem with title, value and link 1`] = `
<View
  accessibilityComponentType={undefined}
  accessibilityLabel={undefined}
  accessibilityTraits={undefined}
  accessible={true}
  hasTVPreferredFocus={undefined}
  hitSlop={undefined}
  isTVSelectable={true}
  nativeID={undefined}
  onLayout={undefined}
  onResponderGrant={[Function]}
  onResponderMove={[Function]}
  onResponderRelease={[Function]}
  onResponderTerminate={[Function]}
  onResponderTerminationRequest={[Function]}
  onStartShouldSetResponder={[Function]}
  style={null}
  testID={undefined}
  tvParallaxProperties={undefined}
>
  <View
    style={
      Array [
        Object {
          "alignItems": "center",
          "backgroundColor": "#FFFFFF",
          "borderBottomWidth": 0.5,
          "borderColor": "rgba(216,216,216,1)",
          "flexDirection": "row",
          "justifyContent": "space-between",
          "padding": 15,
        },
        undefined,
      ]
    }
  >
    <Text
      accessible={true}
      allowFontScaling={true}
      ellipsizeMode="tail"
      style={
        Object {
          "color": "rgba(74,74,74,1)",
          "fontSize": 14,
          "lineHeight": 22,
        }
      }
    >
      hello
    </Text>
    <View
      style={
        Object {
          "flexDirection": "row",
        }
      }
    >
      <Text
        accessible={true}
        allowFontScaling={true}
        ellipsizeMode="tail"
        style={
          Array [
            Object {
              "color": "rgba(74,74,74,1)",
              "fontSize": 14,
              "lineHeight": 22,
            },
            Object {},
          ]
        }
      >
        stuff
      </Text>
      <Icon
        color="rgba(216,216,216,1)"
        name="ios-link-outline"
        size={20}
        style={
          Object {
            "marginLeft": 16,
          }
        }
      />
    </View>
  </View>
</View>
`;

exports[`renders MenuItem with title, value and onPress 1`] = `
<View
  accessibilityComponentType={undefined}
  accessibilityLabel={undefined}
  accessibilityTraits={undefined}
  accessible={true}
  hasTVPreferredFocus={undefined}
  hitSlop={undefined}
  isTVSelectable={true}
  nativeID={undefined}
  onLayout={undefined}
  onResponderGrant={[Function]}
  onResponderMove={[Function]}
  onResponderRelease={[Function]}
  onResponderTerminate={[Function]}
  onResponderTerminationRequest={[Function]}
  onStartShouldSetResponder={[Function]}
  style={null}
  testID={undefined}
  tvParallaxProperties={undefined}
>
  <View
    style={
      Array [
        Object {
          "alignItems": "center",
          "backgroundColor": "#FFFFFF",
          "borderBottomWidth": 0.5,
          "borderColor": "rgba(216,216,216,1)",
          "flexDirection": "row",
          "justifyContent": "space-between",
          "padding": 15,
        },
        undefined,
      ]
    }
  >
    <Text
      accessible={true}
      allowFontScaling={true}
      ellipsizeMode="tail"
      style={
        Object {
          "color": "rgba(74,74,74,1)",
          "fontSize": 14,
          "lineHeight": 22,
        }
      }
    >
      hello
    </Text>
    <View
      style={
        Object {
          "flexDirection": "row",
        }
      }
    >
      <Text
        accessible={true}
        allowFontScaling={true}
        ellipsizeMode="tail"
        style={
          Array [
            Object {
              "color": "rgba(74,74,74,1)",
              "fontSize": 14,
              "lineHeight": 22,
            },
            Object {},
          ]
        }
      >
        stuff
      </Text>
    </View>
  </View>
</View>
`;
