// Jest Snapshot v1, https://goo.gl/fbAQLP

exports[`MyInformation Component renders info correctly 1`] = `
<View
  style={
    Object {
      "backgroundColor": "#FFFFFF",
      "flex": 1,
    }
  }
>
  <View
    style={
      Object {
        "alignItems": "center",
        "backgroundColor": "#FFFFFF",
        "flexDirection": "row",
        "padding": 24,
      }
    }
  >
    <View
      accessibilityComponentType={undefined}
      accessibilityLabel={undefined}
      accessibilityTraits={undefined}
      accessible={true}
      hasTVPreferredFocus={undefined}
      hitSlop={undefined}
      isTVSelectable={true}
      nativeID={undefined}
      onLayout={undefined}
      onResponderGrant={[Function]}
      onResponderMove={[Function]}
      onResponderRelease={[Function]}
      onResponderTerminate={[Function]}
      onResponderTerminationRequest={[Function]}
      onStartShouldSetResponder={[Function]}
      style={null}
      testID={undefined}
      tvParallaxProperties={undefined}
    >
      <View
        style={null}
      >
        <View>
          <View
            style={
              Array [
                Object {
                  "alignItems": "center",
                  "flex": 0,
                  "justifyContent": "center",
                },
                Object {
                  "backgroundColor": "white",
                  "borderRadius": 30,
                  "height": 96,
                  "width": 96,
                },
              ]
            }
          >
            <Image
              resizeMode="cover"
              source={
                Object {
                  "uri": "https://ipfs.infura.io/ipfs/QmaJBgr3xHfY94MTzCUY23UWSpRBdTnBJaN3WrERJkgdGb",
                }
              }
              style={
                Array [
                  Object {
                    "borderRadius": 30,
                    "height": 96,
                    "width": 96,
                  },
                  Object {
                    "position": "absolute",
                  },
                  Array [
                    Object {
                      "borderRadius": 30,
                      "height": 96,
                      "width": 96,
                    },
                    undefined,
                  ],
                ]
              }
            />
            <View
              style={
                Object {
                  "alignItems": "center",
                  "backgroundColor": "rgba(252,252,253,0.7)",
                  "borderRadius": 5,
                  "flex": 1,
                  "height": 98,
                  "justifyContent": "center",
                  "position": "absolute",
                  "width": 98,
                }
              }
            >
              <Text
                accessible={true}
                allowFontScaling={true}
                ellipsizeMode="tail"
                style={
                  Object {
                    "color": "#000000",
                    "flex": 0,
                    "fontSize": 16,
                  }
                }
              >
                Edit
              </Text>
            </View>
          </View>
        </View>
      </View>
    </View>
    <TextInput
      allowFontScaling={true}
      autoCapitalize="words"
      onChangeText={[Function]}
      placeholder="Name"
      style={
        Array [
          Object {
            "color": "rgba(74,74,74,1)",
            "fontSize": 24,
            "lineHeight": 33,
            "textAlign": "center",
          },
          Object {
            "flex": 1,
            "marginLeft": 24,
            "textAlign": "left",
          },
        ]
      }
      underlineColorAndroid="rgba(0,0,0,0)"
      value="Greg"
    />
  </View>
  <View
    style={
      Object {
        "alignItems": "stretch",
        "backgroundColor": "#FFFFFF",
        "flex": 1,
        "flexDirection": "column",
        "justifyContent": "flex-start",
      }
    }
  >
    <View
      style={
        Array [
          Object {
            "borderBottomColor": "rgba(226,226,226,1)",
            "borderBottomWidth": 1,
            "flexDirection": "column",
            "padding": 19,
          },
        ]
      }
    >
      <Text
        accessible={true}
        allowFontScaling={true}
        ellipsizeMode="tail"
        style={
          Array [
            Object {
              "color": "rgba(170,170,170,1)",
              "fontSize": 14,
              "lineHeight": 17,
              "margin": 2,
            },
          ]
        }
      >
        Email
      </Text>
      <TextInput
        allowFontScaling={true}
        autoCapitalize="none"
        id="email"
        keyboardType="email-address"
        onChangeText={[Function]}
        placeholder="Enter Email"
        style={
          Array [
            Object {
              "color": "rgba(74,74,74,1)",
              "fontSize": 16,
              "height": 22,
              "lineHeight": 20,
              "margin": 2,
            },
            Object {
              "height": 22,
              "padding": 0,
            },
          ]
        }
        underlineColorAndroid="rgba(0,0,0,0)"
        value={undefined}
      />
    </View>
    <View
      style={
        Object {
          "borderBottomColor": "rgba(226,226,226,1)",
          "borderBottomWidth": 1,
          "flexDirection": "column",
          "padding": 19,
        }
      }
    >
      <Text
        accessible={true}
        allowFontScaling={true}
        ellipsizeMode="tail"
        style={
          Array [
            Object {
              "color": "rgba(170,170,170,1)",
              "fontSize": 14,
              "lineHeight": 17,
              "margin": 2,
            },
          ]
        }
      >
        Location
      </Text>
      <TextInput
        allowFontScaling={true}
        autoCapitalize="words"
        onChangeText={[Function]}
        placeholder="Enter Location"
        style={
          Array [
            Object {
              "color": "rgba(74,74,74,1)",
              "fontSize": 16,
              "height": 22,
              "lineHeight": 20,
              "margin": 2,
            },
            Object {
              "height": 22,
              "padding": 0,
            },
          ]
        }
        underlineColorAndroid="rgba(0,0,0,0)"
        value={undefined}
      />
    </View>
    <View
      style={
        Object {
          "borderBottomColor": "rgba(226,226,226,1)",
          "borderBottomWidth": 1,
          "flexDirection": "column",
          "padding": 19,
        }
      }
    >
      <Text
        accessible={true}
        allowFontScaling={true}
        ellipsizeMode="tail"
        style={
          Array [
            Object {
              "color": "rgba(170,170,170,1)",
              "fontSize": 14,
              "lineHeight": 17,
              "margin": 2,
            },
          ]
        }
      >
        Phone
      </Text>
      <TextInput
        allowFontScaling={true}
        autoCapitalize="none"
        keyboardType="phone-pad"
        onChangeText={[Function]}
        placeholder="Enter Phone"
        style={
          Array [
            Object {
              "color": "rgba(74,74,74,1)",
              "fontSize": 16,
              "height": 22,
              "lineHeight": 20,
              "margin": 2,
            },
            Object {
              "height": 22,
              "padding": 0,
            },
          ]
        }
        underlineColorAndroid="rgba(0,0,0,0)"
        value={undefined}
      />
    </View>
  </View>
</View>
`;
