// Jest Snapshot v1, https://goo.gl/fbAQLP

exports[`MyInformation Component renders a connected Accounts index as expected 1`] = `
ShallowWrapper {
  "length": 1,
  Symbol(enzyme.__root__): [Circular],
  Symbol(enzyme.__unrendered__): <MyInformation
    addImage={[Function]}
    address={null}
    avatar={
      Object {
        "uri": "https://ipfs.infura.io/ipfs/QmaJBgr3xHfY94MTzCUY23UWSpRBdTnBJaN3WrERJkgdGb",
      }
    }
    country="US"
    editMyInfo={[Function]}
    email="test@test.com"
    name="Greg"
    navigator={
      FakeNavigator {
        "event": [Function],
        "styles": Object {
          "navBarButtonColor": "rgba(92,80,202,1)",
          "navBarFontFamily": undefined,
          "navBarFontSize": 16,
          "navBarNoBorder": true,
          "navBarTextColor": "rgba(74,74,74,1)",
        },
      }
    }
    phone="+15555551234"
    shareToken="JWT"
    storeOwnClaim={[Function]}
    updateShareToken={[Function]}
    userData={Object {}}
  />,
  Symbol(enzyme.__renderer__): Object {
    "batchedUpdates": [Function],
    "getNode": [Function],
    "render": [Function],
    "simulateEvent": [Function],
    "unmount": [Function],
  },
  Symbol(enzyme.__node__): Object {
    "instance": null,
    "key": undefined,
    "nodeType": "function",
    "props": Object {
      "address": null,
      "avatar": Object {
        "uri": "https://ipfs.infura.io/ipfs/QmaJBgr3xHfY94MTzCUY23UWSpRBdTnBJaN3WrERJkgdGb",
      },
      "country": "US",
      "email": "test@test.com",
      "name": "Greg",
      "navigator": FakeNavigator {
        "event": [Function],
        "styles": Object {
          "navBarButtonColor": "rgba(92,80,202,1)",
          "navBarFontFamily": undefined,
          "navBarFontSize": 16,
          "navBarNoBorder": true,
          "navBarTextColor": "rgba(74,74,74,1)",
        },
      },
      "phone": "+15555551234",
      "shareToken": "JWT",
      "userData": Object {},
    },
    "ref": null,
    "rendered": null,
    "type": [Function],
  },
  Symbol(enzyme.__nodes__): Array [
    Object {
      "instance": null,
      "key": undefined,
      "nodeType": "function",
      "props": Object {
        "address": null,
        "avatar": Object {
          "uri": "https://ipfs.infura.io/ipfs/QmaJBgr3xHfY94MTzCUY23UWSpRBdTnBJaN3WrERJkgdGb",
        },
        "country": "US",
        "email": "test@test.com",
        "name": "Greg",
        "navigator": FakeNavigator {
          "event": [Function],
          "styles": Object {
            "navBarButtonColor": "rgba(92,80,202,1)",
            "navBarFontFamily": undefined,
            "navBarFontSize": 16,
            "navBarNoBorder": true,
            "navBarTextColor": "rgba(74,74,74,1)",
          },
        },
        "phone": "+15555551234",
        "shareToken": "JWT",
        "userData": Object {},
      },
      "ref": null,
      "rendered": null,
      "type": [Function],
    },
  ],
  Symbol(enzyme.__options__): Object {
    "adapter": ReactSixteenAdapter {
      "options": Object {
        "enableComponentDidUpdateOnSetState": true,
      },
    },
    "context": Object {
      "store": Object {
        "clearActions": [Function],
        "dispatch": [Function],
        "getActions": [Function],
        "getState": [Function],
        "replaceReducer": [Function],
        "subscribe": [Function],
      },
    },
  },
}
`;

exports[`MyInformation Component renders info correctly 1`] = `
<View
  style={
    Object {
      "backgroundColor": "#FFFFFF",
      "flex": 1,
    }
  }
>
  <View
    style={
      Object {
        "alignItems": "center",
        "flexDirection": "row",
        "padding": 15,
      }
    }
  >
    <View>
      <View
        style={
          Array [
            Object {
              "alignItems": "center",
              "flex": 0,
              "justifyContent": "center",
            },
            Object {
              "backgroundColor": "white",
              "borderRadius": 30,
              "height": 96,
              "width": 96,
            },
          ]
        }
      >
        <Image
          resizeMode="cover"
          source={
            Object {
              "uri": "https://ipfs.infura.io/ipfs/QmaJBgr3xHfY94MTzCUY23UWSpRBdTnBJaN3WrERJkgdGb",
            }
          }
          style={
            Array [
              Object {
                "borderRadius": 30,
                "height": 96,
                "width": 96,
              },
              Object {
                "position": "absolute",
              },
              Array [
                Object {
                  "borderRadius": 30,
                  "height": 96,
                  "width": 96,
                },
                undefined,
              ],
            ]
          }
        />
      </View>
    </View>
    <Text
      accessible={true}
      allowFontScaling={true}
      ellipsizeMode="tail"
      style={
        Array [
          Object {
            "color": "rgba(74,74,74,1)",
            "fontSize": 24,
            "lineHeight": 33,
            "textAlign": "center",
          },
          Object {
            "flex": 1,
            "marginLeft": 24,
            "paddingLeft": 2,
            "textAlign": "left",
          },
        ]
      }
    >
      Greg
    </Text>
  </View>
  <View
    style={
      Object {
        "flexDirection": "row",
        "marginLeft": 15,
      }
    }
  >
    <View
      accessibilityComponentType={undefined}
      accessibilityLabel={undefined}
      accessibilityTraits={undefined}
      accessible={true}
      collapsable={undefined}
      hasTVPreferredFocus={undefined}
      hitSlop={undefined}
      isTVSelectable={true}
      nativeID={undefined}
      onLayout={undefined}
      onResponderGrant={[Function]}
      onResponderMove={[Function]}
      onResponderRelease={[Function]}
      onResponderTerminate={[Function]}
      onResponderTerminationRequest={[Function]}
      onStartShouldSetResponder={[Function]}
      style={
        Object {
          "height": 44,
          "opacity": 1,
          "width": 44,
        }
      }
      testID={undefined}
      tvParallaxProperties={undefined}
    >
      <Icon
        color="rgba(92,80,202,1)"
        name="qrcode"
        size={32}
      />
    </View>
    <View
      accessibilityComponentType={undefined}
      accessibilityLabel={undefined}
      accessibilityTraits={undefined}
      accessible={true}
      collapsable={undefined}
      hasTVPreferredFocus={undefined}
      hitSlop={undefined}
      isTVSelectable={true}
      nativeID={undefined}
      onLayout={undefined}
      onResponderGrant={[Function]}
      onResponderMove={[Function]}
      onResponderRelease={[Function]}
      onResponderTerminate={[Function]}
      onResponderTerminationRequest={[Function]}
      onStartShouldSetResponder={[Function]}
      style={
        Object {
          "height": 44,
          "opacity": 1,
          "width": 44,
        }
      }
      testID={undefined}
      tvParallaxProperties={undefined}
    >
      <Icon
        color="rgba(92,80,202,1)"
        name="ios-share-outline"
        size={32}
      />
    </View>
  </View>
  <View
    style={
      Object {
        "alignItems": "stretch",
        "backgroundColor": "#FFFFFF",
        "flex": 1,
        "flexDirection": "column",
        "justifyContent": "flex-start",
      }
    }
  >
    <View
      style={
        Object {
          "borderBottomColor": "rgba(226,226,226,1)",
          "borderBottomWidth": 1,
          "flexDirection": "column",
          "padding": 19,
        }
      }
    >
      <Text
        accessible={true}
        allowFontScaling={true}
        ellipsizeMode="tail"
        style={
          Object {
            "color": "rgba(170,170,170,1)",
            "fontSize": 14,
            "lineHeight": 17,
            "margin": 2,
          }
        }
      >
        Email
      </Text>
      <Text
        accessible={true}
        allowFontScaling={true}
        ellipsizeMode="tail"
        style={
          Object {
            "color": "rgba(74,74,74,1)",
            "fontSize": 16,
            "height": 22,
            "lineHeight": 20,
            "margin": 2,
          }
        }
      />
    </View>
    <View
      style={
        Object {
          "borderBottomColor": "rgba(226,226,226,1)",
          "borderBottomWidth": 1,
          "flexDirection": "column",
          "padding": 19,
        }
      }
    >
      <Text
        accessible={true}
        allowFontScaling={true}
        ellipsizeMode="tail"
        style={
          Object {
            "color": "rgba(170,170,170,1)",
            "fontSize": 14,
            "lineHeight": 17,
            "margin": 2,
          }
        }
      >
        Location
      </Text>
      <Text
        accessible={true}
        allowFontScaling={true}
        ellipsizeMode="tail"
        style={
          Object {
            "color": "rgba(74,74,74,1)",
            "fontSize": 16,
            "height": 22,
            "lineHeight": 20,
            "margin": 2,
          }
        }
      />
    </View>
    <View
      style={
        Object {
          "borderBottomColor": "rgba(226,226,226,1)",
          "borderBottomWidth": 1,
          "flexDirection": "column",
          "padding": 19,
        }
      }
    >
      <Text
        accessible={true}
        allowFontScaling={true}
        ellipsizeMode="tail"
        style={
          Object {
            "color": "rgba(170,170,170,1)",
            "fontSize": 14,
            "lineHeight": 17,
            "margin": 2,
          }
        }
      >
        Phone
      </Text>
      <Text
        accessible={true}
        allowFontScaling={true}
        ellipsizeMode="tail"
        style={
          Object {
            "color": "rgba(74,74,74,1)",
            "fontSize": 16,
            "height": 22,
            "lineHeight": 20,
            "margin": 2,
          }
        }
      />
    </View>
  </View>
</View>
`;
